#
# There is insufficient memory for the Java Runtime Environment to continue.
# Native memory allocation (malloc) failed to allocate 1048576 bytes. Error detail: AllocateHeap
# Possible reasons:
#   The system is out of physical RAM or swap space
#   This process is running with CompressedOops enabled, and the Java Heap may be blocking the growth of the native heap
# Possible solutions:
#   Reduce memory load on the system
#   Increase physical memory or swap space
#   Check if swap backing store is full
#   Decrease Java heap size (-Xmx/-Xms)
#   Decrease number of Java threads
#   Decrease Java thread stack sizes (-Xss)
#   Set larger code cache with -XX:ReservedCodeCacheSize=
#   JVM is running with Unscaled Compressed Oops mode in which the Java heap is
#     placed in the first 4GB address space. The Java Heap base address is the
#     maximum limit for the native heap growth. Please use -XX:HeapBaseMinAddress
#     to set the Java Heap base and to place the Java Heap above 4GB virtual address.
# This output file may be truncated or incomplete.
#
#  Out of Memory Error (allocation.cpp:44), pid=21984, tid=18156
#
# JRE version:  (21.0.6+8) (build )
# Java VM: OpenJDK 64-Bit Server VM (21.0.6+8-b631.39, mixed mode, sharing, tiered, compressed oops, compressed class ptrs, g1 gc, windows-amd64)
# No core dump will be written. Minidumps are not enabled by default on client versions of Windows
#

---------------  S U M M A R Y ------------

Command Line: git4idea.http.GitAskPassApp Username for 'https://github.com': 

Host: Intel(R) Core(TM) i5-10210U CPU @ 1.60GHz, 8 cores, 7G,  Windows 11 , 64 bit Build 22621 (10.0.22621.4974)
Time: Thu Mar 27 09:41:56 2025 Hora est. Pacífico, Sudamérica elapsed time: 0.020991 seconds (0d 0h 0m 0s)

---------------  T H R E A D  ---------------

Current thread (0x000002913f7c9110):  JavaThread "Unknown thread" [_thread_in_vm, id=18156, stack(0x000000c639a00000,0x000000c639b00000) (1024K)]

Stack: [0x000000c639a00000,0x000000c639b00000]
Native frames: (J=compiled Java code, j=interpreted, Vv=VM code, C=native code)
V  [jvm.dll+0x6e5d39]
V  [jvm.dll+0x8c4133]
V  [jvm.dll+0x8c668e]
V  [jvm.dll+0x8c6d73]
V  [jvm.dll+0x288f76]
V  [jvm.dll+0xc0e57]
V  [jvm.dll+0x333ac5]
V  [jvm.dll+0x88b54d]
V  [jvm.dll+0x3ca688]
V  [jvm.dll+0x874698]
V  [jvm.dll+0x45f04e]
V  [jvm.dll+0x460d31]
C  [jli.dll+0x52ab]
C  [ucrtbase.dll+0x29333]
C  [KERNEL32.DLL+0x1259d]
C  [ntdll.dll+0x5af38]


---------------  P R O C E S S  ---------------

Threads class SMR info:
_java_thread_list=0x00007ff80622a148, length=0, elements={
}

Java Threads: ( => current thread )
Total: 0

Other Threads:

=>0x000002913f7c9110 (exited) JavaThread "Unknown thread"    [_thread_in_vm, id=18156, stack(0x000000c639a00000,0x000000c639b00000) (1024K)]
Total: 1

Threads with active compile tasks:
Total: 0

VM state: not at safepoint (not fully initialized)

VM Mutex/Monitor currently owned by a thread: None

Heap address: 0x0000000000000000, size: 0 MB, Compressed Oops mode: 32-bit

CDS archive(s) mapped at: [0x0000000000000000-0x0000000000000000-0x0000000000000000), size 0, SharedBaseAddress: 0x0000000800000000, ArchiveRelocationMode: 1.
Narrow klass base: 0x0000000000000000, Narrow klass shift: 0, Narrow klass range: 0x0

GC Precious Log:
 CardTable entry size: 512
 Card Set container configuration: InlinePtr #cards 5 size 8 Array Of Cards #cards 12 size 40 Howl #buckets 4 coarsen threshold 1843 Howl Bitmap #cards 512 size 80 coarsen threshold 460 Card regions per heap region 1 cards per card region 2048

GC Heap History (0 events):
No events

Dll operation events (1 events):
Event: 0.016 Loaded shared library C:\Program Files\JetBrains\PyCharm 2024.3.4\jbr\bin\java.dll

Deoptimization events (0 events):
No events

Classes loaded (0 events):
No events

Classes unloaded (0 events):
No events

Classes redefined (0 events):
No events

Internal exceptions (0 events):
No events

ZGC Phase Switch (0 events):
No events

VM Operations (0 events):
No events

Memory protections (0 events):
No events

Nmethod flushes (0 events):
No events

Events (0 events):
No events


Dynamic libraries:
0x00007ff78c140000 - 0x00007ff78c14a000 	C:\Program Files\JetBrains\PyCharm 2024.3.4\jbr\bin\java.exe
0x00007ff86dd30000 - 0x00007ff86df47000 	C:\WINDOWS\SYSTEM32\ntdll.dll
0x00007ff86ce80000 - 0x00007ff86cf44000 	C:\WINDOWS\System32\KERNEL32.DLL
0x00007ff86b620000 - 0x00007ff86b9f1000 	C:\WINDOWS\System32\KERNELBASE.dll
0x00007ff86b1a0000 - 0x00007ff86b2b1000 	C:\WINDOWS\System32\ucrtbase.dll
0x00007ff85a110000 - 0x00007ff85a128000 	C:\Program Files\JetBrains\PyCharm 2024.3.4\jbr\bin\jli.dll
0x00007ff863350000 - 0x00007ff86336b000 	C:\Program Files\JetBrains\PyCharm 2024.3.4\jbr\bin\VCRUNTIME140.dll
0x00007ff86c970000 - 0x00007ff86cb21000 	C:\WINDOWS\System32\USER32.dll
0x00007ff86b070000 - 0x00007ff86b096000 	C:\WINDOWS\System32\win32u.dll
0x00007ff86d100000 - 0x00007ff86d129000 	C:\WINDOWS\System32\GDI32.dll
0x00007ff86b500000 - 0x00007ff86b61b000 	C:\WINDOWS\System32\gdi32full.dll
0x00007ff86b430000 - 0x00007ff86b4ca000 	C:\WINDOWS\System32\msvcp_win.dll
0x00007ff8531b0000 - 0x00007ff853442000 	C:\WINDOWS\WinSxS\amd64_microsoft.windows.common-controls_6595b64144ccf1df_6.0.22621.4830_none_270fe7d773858e80\COMCTL32.dll
0x00007ff86db00000 - 0x00007ff86dba7000 	C:\WINDOWS\System32\msvcrt.dll
0x00007ff86dac0000 - 0x00007ff86daf1000 	C:\WINDOWS\System32\IMM32.DLL
0x0000000060dd0000 - 0x0000000060ddc000 	C:\Program Files (x86)\360\Total Security\safemon\SafeWrapper.dll
0x00007ff86cd40000 - 0x00007ff86cdf1000 	C:\WINDOWS\System32\ADVAPI32.dll
0x00007ff86bfd0000 - 0x00007ff86c077000 	C:\WINDOWS\System32\sechost.dll
0x00007ff86b4d0000 - 0x00007ff86b4f8000 	C:\WINDOWS\System32\bcrypt.dll
0x00007ff86cfc0000 - 0x00007ff86d0d4000 	C:\WINDOWS\System32\RPCRT4.dll
0x00007ff830470000 - 0x00007ff83051c000 	C:\Program Files (x86)\360\Total Security\safemon\libzdtp64.dll
0x00007ff86c080000 - 0x00007ff86c908000 	C:\WINDOWS\System32\SHELL32.dll
0x00007ff86ae70000 - 0x00007ff86afaf000 	C:\WINDOWS\System32\wintypes.dll
0x00007ff86bab0000 - 0x00007ff86be40000 	C:\WINDOWS\System32\combase.dll
0x00007ff86c910000 - 0x00007ff86c96e000 	C:\WINDOWS\System32\SHLWAPI.dll
0x00007ff86a840000 - 0x00007ff86a84a000 	C:\WINDOWS\SYSTEM32\VERSION.dll
0x00007ff8626f0000 - 0x00007ff8626fc000 	C:\Program Files\JetBrains\PyCharm 2024.3.4\jbr\bin\vcruntime140_1.dll
0x00007ff830f40000 - 0x00007ff830fcd000 	C:\Program Files\JetBrains\PyCharm 2024.3.4\jbr\bin\msvcp140.dll
0x00007ff8055d0000 - 0x00007ff806391000 	C:\Program Files\JetBrains\PyCharm 2024.3.4\jbr\bin\server\jvm.dll
0x00007ff86bf50000 - 0x00007ff86bfc1000 	C:\WINDOWS\System32\WS2_32.dll
0x00007ff86ad40000 - 0x00007ff86ad8d000 	C:\WINDOWS\SYSTEM32\POWRPROF.dll
0x00007ff865210000 - 0x00007ff865244000 	C:\WINDOWS\SYSTEM32\WINMM.dll
0x00007ff86acd0000 - 0x00007ff86ace3000 	C:\WINDOWS\SYSTEM32\UMPDC.dll
0x00007ff869e50000 - 0x00007ff869e68000 	C:\WINDOWS\SYSTEM32\kernel.appcore.dll
0x00007ff8626d0000 - 0x00007ff8626da000 	C:\Program Files\JetBrains\PyCharm 2024.3.4\jbr\bin\jimage.dll
0x00007ff8687c0000 - 0x00007ff8689f2000 	C:\WINDOWS\SYSTEM32\DBGHELP.DLL
0x00007ff86d820000 - 0x00007ff86d8f7000 	C:\WINDOWS\System32\OLEAUT32.dll
0x00007ff8647b0000 - 0x00007ff8647e2000 	C:\WINDOWS\SYSTEM32\dbgcore.DLL
0x00007ff86b120000 - 0x00007ff86b19b000 	C:\WINDOWS\System32\bcryptPrimitives.dll
0x00007ff85fa30000 - 0x00007ff85fa50000 	C:\Program Files\JetBrains\PyCharm 2024.3.4\jbr\bin\java.dll

dbghelp: loaded successfully - version: 4.0.5 - missing functions: none
symbol engine: initialized successfully - sym options: 0x614 - pdb path: .;C:\Program Files\JetBrains\PyCharm 2024.3.4\jbr\bin;C:\WINDOWS\SYSTEM32;C:\WINDOWS\WinSxS\amd64_microsoft.windows.common-controls_6595b64144ccf1df_6.0.22621.4830_none_270fe7d773858e80;C:\Program Files (x86)\360\Total Security\safemon;C:\Program Files\JetBrains\PyCharm 2024.3.4\jbr\bin\server

VM Arguments:
java_command: git4idea.http.GitAskPassApp Username for 'https://github.com': 
java_class_path (initial): C:/Program Files/JetBrains/PyCharm 2024.3.4/plugins/vcs-git/lib/git4idea-rt.jar;C:/Program Files/JetBrains/PyCharm 2024.3.4/lib/externalProcess-rt.jar
Launcher Type: SUN_STANDARD

[Global flags]
     intx CICompilerCount                          = 4                                         {product} {ergonomic}
     uint ConcGCThreads                            = 2                                         {product} {ergonomic}
     uint G1ConcRefinementThreads                  = 8                                         {product} {ergonomic}
   size_t G1HeapRegionSize                         = 1048576                                   {product} {ergonomic}
    uintx GCDrainStackTargetSize                   = 64                                        {product} {ergonomic}
   size_t InitialHeapSize                          = 132120576                                 {product} {ergonomic}
   size_t MarkStackSize                            = 4194304                                   {product} {ergonomic}
   size_t MaxHeapSize                              = 2101346304                                {product} {ergonomic}
   size_t MinHeapDeltaBytes                        = 1048576                                   {product} {ergonomic}
   size_t MinHeapSize                              = 8388608                                   {product} {ergonomic}
    uintx NonNMethodCodeHeapSize                   = 5839372                                {pd product} {ergonomic}
    uintx NonProfiledCodeHeapSize                  = 122909434                              {pd product} {ergonomic}
    uintx ProfiledCodeHeapSize                     = 122909434                              {pd product} {ergonomic}
    uintx ReservedCodeCacheSize                    = 251658240                              {pd product} {ergonomic}
     bool SegmentedCodeCache                       = true                                      {product} {ergonomic}
   size_t SoftMaxHeapSize                          = 2101346304                             {manageable} {ergonomic}
     bool UseCompressedOops                        = true                           {product lp64_product} {ergonomic}
     bool UseG1GC                                  = true                                      {product} {ergonomic}
     bool UseLargePagesIndividualAllocation        = false                                  {pd product} {ergonomic}

Logging:
Log output configuration:
 #0: stdout all=warning uptime,level,tags foldmultilines=false
 #1: stderr all=off uptime,level,tags foldmultilines=false

Environment Variables:
PATH=C:\Program Files\Git\mingw64\libexec\git-core;C:\Program Files\Git\mingw64\libexec\git-core;C:\Program Files\Git\mingw64\bin;C:\Program Files\Git\usr\bin;C:\Users\MICK\bin;C:\Users\MICK\PycharmProjects\MIGUELPUJOTA\.venv\Scripts;C:\WINDOWS\system32;C:\WINDOWS;C:\WINDOWS\System32\Wbem;C:\WINDOWS\System32\WindowsPowerShell\v1.0;C:\WINDOWS\System32\OpenSSH;C:\Program Files\Git\cmd;C:\Users\MICK\AppData\Local\Programs\Python\Launcher;C:\Users\MICK\AppData\Local\Microsoft\WindowsApps;D:\pyton\PyCharm 2024.2\bin;C:\Users\MICK\AppData\Local\Programs\Microsoft VS Code\bin
USERNAME=MICK
DISPLAY=:0.0
LC_ALL=en_US.UTF-8
TERM=xterm-256color
TMPDIR=C:\Users\MICK\AppData\Local\Temp
OS=Windows_NT
PROCESSOR_IDENTIFIER=Intel64 Family 6 Model 142 Stepping 12, GenuineIntel
TMP=C:\Users\MICK\AppData\Local\Temp
TEMP=C:\Users\MICK\AppData\Local\Temp




Periodic native trim disabled

JNI global refs:
JNI global refs: 0, weak refs: 0

JNI global refs memory usage: 0, weak refs: 0

Process memory usage:
Resident Set Size: 12424K (0% of 8206964K total physical memory with 465112K free physical memory)

OOME stack traces (most recent first):
Classloader memory used:

---------------  S Y S T E M  ---------------

OS:
 Windows 11 , 64 bit Build 22621 (10.0.22621.4974)
OS uptime: 14 days 16:43 hours

CPU: total 8 (initial active 8) (4 cores per cpu, 2 threads per core) family 6 model 142 stepping 12 microcode 0xec, cx8, cmov, fxsr, ht, mmx, 3dnowpref, sse, sse2, sse3, ssse3, sse4.1, sse4.2, popcnt, lzcnt, tsc, tscinvbit, avx, avx2, aes, erms, clmul, bmi1, bmi2, adx, fma, vzeroupper, clflush, clflushopt, rdtscp, f16c
Processor Information for processor 0
  Max Mhz: 2112, Current Mhz: 1609, Mhz Limit: 1605
Processor Information for processor 1
  Max Mhz: 2112, Current Mhz: 1609, Mhz Limit: 1605
Processor Information for processor 2
  Max Mhz: 2112, Current Mhz: 1508, Mhz Limit: 1605
Processor Information for processor 3
  Max Mhz: 2112, Current Mhz: 1609, Mhz Limit: 1605
Processor Information for processor 4
  Max Mhz: 2112, Current Mhz: 1609, Mhz Limit: 1605
Processor Information for processor 5
  Max Mhz: 2112, Current Mhz: 1508, Mhz Limit: 1605
Processor Information for processor 6
  Max Mhz: 2112, Current Mhz: 1508, Mhz Limit: 1605
Processor Information for processor 7
  Max Mhz: 2112, Current Mhz: 1609, Mhz Limit: 1605

Memory: 4k page, system-wide physical 8014M (454M free)
TotalPageFile size 10062M (AvailPageFile size 7M)
current process WorkingSet (physical memory assigned to process): 12M, peak: 12M
current process commit charge ("private bytes"): 18M, peak: 19M

vm_info: OpenJDK 64-Bit Server VM (21.0.6+8-b631.39) for windows-amd64 JRE (21.0.6+8-b631.39), built on 2025-02-04 by "builduser" with MS VC++ 16.10 / 16.11 (VS2019)

END.
