#
# There is insufficient memory for the Java Runtime Environment to continue.
# Native memory allocation (malloc) failed to allocate 59984 bytes. Error detail: Chunk::new
# Possible reasons:
#   The system is out of physical RAM or swap space
#   This process is running with CompressedOops enabled, and the Java Heap may be blocking the growth of the native heap
# Possible solutions:
#   Reduce memory load on the system
#   Increase physical memory or swap space
#   Check if swap backing store is full
#   Decrease Java heap size (-Xmx/-Xms)
#   Decrease number of Java threads
#   Decrease Java thread stack sizes (-Xss)
#   Set larger code cache with -XX:ReservedCodeCacheSize=
#   JVM is running with Unscaled Compressed Oops mode in which the Java heap is
#     placed in the first 4GB address space. The Java Heap base address is the
#     maximum limit for the native heap growth. Please use -XX:HeapBaseMinAddress
#     to set the Java Heap base and to place the Java Heap above 4GB virtual address.
# This output file may be truncated or incomplete.
#
#  Out of Memory Error (arena.cpp:168), pid=14764, tid=17116
#
# JRE version: OpenJDK Runtime Environment JBR-21.0.6+8-631.39-jcef (21.0.6+8) (build 21.0.6+8-b631.39)
# Java VM: OpenJDK 64-Bit Server VM JBR-21.0.6+8-631.39-jcef (21.0.6+8-b631.39, mixed mode, sharing, tiered, compressed oops, compressed class ptrs, g1 gc, windows-amd64)
# No core dump will be written. Minidumps are not enabled by default on client versions of Windows
#

---------------  S U M M A R Y ------------

Command Line: git4idea.http.GitAskPassApp Username for 'https://github.com': 

Host: Intel(R) Core(TM) i5-10210U CPU @ 1.60GHz, 8 cores, 7G,  Windows 11 , 64 bit Build 22621 (10.0.22621.4830)
Time: Sun Mar  9 08:15:19 2025 Hora est. Pacífico, Sudamérica elapsed time: 2.426540 seconds (0d 0h 0m 2s)

---------------  T H R E A D  ---------------

Current thread (0x0000027423b93d10):  JavaThread "C2 CompilerThread0" daemon [_thread_in_native, id=17116, stack(0x000000796b000000,0x000000796b100000) (1024K)]


Current CompileTask:
C2:2426 1081       4       jdk.internal.org.objectweb.asm.SymbolTable::addConstantUtf8 (98 bytes)

Stack: [0x000000796b000000,0x000000796b100000]
Native frames: (J=compiled Java code, j=interpreted, Vv=VM code, C=native code)
V  [jvm.dll+0x6e5d39]
V  [jvm.dll+0x8c4133]
V  [jvm.dll+0x8c668e]
V  [jvm.dll+0x8c6d73]
V  [jvm.dll+0x288f76]
V  [jvm.dll+0xc66dd]
V  [jvm.dll+0xc6c13]
V  [jvm.dll+0x14294f]
V  [jvm.dll+0x673d25]
V  [jvm.dll+0x67227e]
V  [jvm.dll+0x25063f]
V  [jvm.dll+0x24fd91]
V  [jvm.dll+0x1cd6c4]
V  [jvm.dll+0x25f60c]
V  [jvm.dll+0x25db56]
V  [jvm.dll+0x3ff756]
V  [jvm.dll+0x86bd48]
V  [jvm.dll+0x6e453d]
C  [ucrtbase.dll+0x29333]
C  [KERNEL32.DLL+0x1259d]
C  [ntdll.dll+0x5af38]


---------------  P R O C E S S  ---------------

Threads class SMR info:
_java_thread_list=0x000002746979dc90, length=15, elements={
0x00000274094fc000, 0x0000027423b73690, 0x0000027423b745a0, 0x0000027423b79820,
0x0000027423b7b5e0, 0x0000027423b80860, 0x0000027423b8cd30, 0x0000027423b93d10,
0x0000027423b989a0, 0x0000027423b8e0e0, 0x0000027423b8ee00, 0x0000027423b8c010,
0x0000027423b8c6a0, 0x0000027423b8e770, 0x0000027423b99070
}

Java Threads: ( => current thread )
  0x00000274094fc000 JavaThread "main"                              [_thread_blocked, id=17988, stack(0x000000796a200000,0x000000796a300000) (1024K)]
  0x0000027423b73690 JavaThread "Reference Handler"          daemon [_thread_blocked, id=17792, stack(0x000000796aa00000,0x000000796ab00000) (1024K)]
  0x0000027423b745a0 JavaThread "Finalizer"                  daemon [_thread_blocked, id=11096, stack(0x000000796ab00000,0x000000796ac00000) (1024K)]
  0x0000027423b79820 JavaThread "Signal Dispatcher"          daemon [_thread_blocked, id=17040, stack(0x000000796ac00000,0x000000796ad00000) (1024K)]
  0x0000027423b7b5e0 JavaThread "Attach Listener"            daemon [_thread_blocked, id=14932, stack(0x000000796ad00000,0x000000796ae00000) (1024K)]
  0x0000027423b80860 JavaThread "Service Thread"             daemon [_thread_blocked, id=16832, stack(0x000000796ae00000,0x000000796af00000) (1024K)]
  0x0000027423b8cd30 JavaThread "Monitor Deflation Thread"   daemon [_thread_blocked, id=6480, stack(0x000000796af00000,0x000000796b000000) (1024K)]
=>0x0000027423b93d10 JavaThread "C2 CompilerThread0"         daemon [_thread_in_native, id=17116, stack(0x000000796b000000,0x000000796b100000) (1024K)]
  0x0000027423b989a0 JavaThread "C1 CompilerThread0"         daemon [_thread_in_vm, id=15808, stack(0x000000796b100000,0x000000796b200000) (1024K)]
  0x0000027423b8e0e0 JavaThread "Notification Thread"        daemon [_thread_blocked, id=18056, stack(0x000000796b200000,0x000000796b300000) (1024K)]
  0x0000027423b8ee00 JavaThread "Common-Cleaner"             daemon [_thread_blocked, id=15872, stack(0x000000796b300000,0x000000796b400000) (1024K)]
  0x0000027423b8c010 JavaThread "HttpClient-1-SelectorManager" daemon [_thread_in_native, id=16684, stack(0x000000796b400000,0x000000796b500000) (1024K)]
  0x0000027423b8c6a0 JavaThread "HttpClient-1-Worker-0"      daemon [_thread_in_vm, id=16800, stack(0x000000796b600000,0x000000796b700000) (1024K)]
  0x0000027423b8e770 JavaThread "HttpClient-1-Worker-1"      daemon [_thread_blocked, id=17352, stack(0x000000796b700000,0x000000796b800000) (1024K)]
  0x0000027423b99070 JavaThread "C2 CompilerThread1"         daemon [_thread_in_native, id=6448, stack(0x000000796b800000,0x000000796b900000) (1024K)]
Total: 15

Other Threads:
  0x0000027423b59f70 VMThread "VM Thread"                           [id=18168, stack(0x000000796a900000,0x000000796aa00000) (1024K)]
  0x0000027423b46bd0 WatcherThread "VM Periodic Task Thread"        [id=13688, stack(0x000000796a800000,0x000000796a900000) (1024K)]
  0x00000274096f3e80 WorkerThread "GC Thread#0"                     [id=15428, stack(0x000000796a300000,0x000000796a400000) (1024K)]
  0x00000274097048e0 ConcurrentGCThread "G1 Main Marker"            [id=11656, stack(0x000000796a400000,0x000000796a500000) (1024K)]
  0x0000027409705590 WorkerThread "G1 Conc#0"                       [id=2228, stack(0x000000796a500000,0x000000796a600000) (1024K)]
  0x0000027423a1bc70 ConcurrentGCThread "G1 Refine#0"               [id=3816, stack(0x000000796a600000,0x000000796a700000) (1024K)]
  0x0000027423a1c6f0 ConcurrentGCThread "G1 Service"                [id=7204, stack(0x000000796a700000,0x000000796a800000) (1024K)]
Total: 7

Threads with active compile tasks:
C2 CompilerThread0  2480 1081       4       jdk.internal.org.objectweb.asm.SymbolTable::addConstantUtf8 (98 bytes)
C1 CompilerThread0  2480 1113       3       jdk.internal.org.objectweb.asm.ClassWriter::toByteArray (1517 bytes)
C2 CompilerThread1  2480 1087 %     4       sun.security.util.math.intpoly.IntegerPolynomial::multByInt @ 3 (30 bytes)
Total: 3

VM state: not at safepoint (normal execution)

VM Mutex/Monitor currently owned by a thread:  ([mutex/lock_event])
[0x00007ffe044ac830] Metaspace_lock - owner thread: 0x0000027423b8c6a0

Heap address: 0x0000000082c00000, size: 2004 MB, Compressed Oops mode: 32-bit

CDS archive(s) mapped at: [0x0000027424000000-0x0000027424d00000-0x0000027424d00000), size 13631488, SharedBaseAddress: 0x0000027424000000, ArchiveRelocationMode: 1.
Compressed class space mapped at: 0x0000027425000000-0x0000027465000000, reserved size: 1073741824
Narrow klass base: 0x0000027424000000, Narrow klass shift: 0, Narrow klass range: 0x100000000

GC Precious Log:
 CardTable entry size: 512
 Card Set container configuration: InlinePtr #cards 5 size 8 Array Of Cards #cards 12 size 40 Howl #buckets 4 coarsen threshold 1843 Howl Bitmap #cards 512 size 80 coarsen threshold 460 Card regions per heap region 1 cards per card region 2048
 CPUs: 8 total, 8 available
 Memory: 8014M
 Large Page Support: Disabled
 NUMA Support: Disabled
 Compressed Oops: Enabled (32-bit)
 Heap Region Size: 1M
 Heap Min Capacity: 8M
 Heap Initial Capacity: 126M
 Heap Max Capacity: 2004M
 Pre-touch: Disabled
 Parallel Workers: 8
 Concurrent Workers: 2
 Concurrent Refinement Workers: 8
 Periodic GC: Disabled

Heap:
 garbage-first heap   total 129024K, used 14336K [0x0000000082c00000, 0x0000000100000000)
  region size 1024K, 15 young (15360K), 0 survivors (0K)
 Metaspace       used 8798K, committed 9024K, reserved 1114112K
  class space    used 1012K, committed 1152K, reserved 1048576K

Heap Regions: E=young(eden), S=young(survivor), O=old, HS=humongous(starts), HC=humongous(continues), CS=collection set, F=free, TAMS=top-at-mark-start, PB=parsable bottom
|   0|0x0000000082c00000, 0x0000000082c00000, 0x0000000082d00000|  0%| F|  |TAMS 0x0000000082c00000| PB 0x0000000082c00000| Untracked 
|   1|0x0000000082d00000, 0x0000000082d00000, 0x0000000082e00000|  0%| F|  |TAMS 0x0000000082d00000| PB 0x0000000082d00000| Untracked 
|   2|0x0000000082e00000, 0x0000000082e00000, 0x0000000082f00000|  0%| F|  |TAMS 0x0000000082e00000| PB 0x0000000082e00000| Untracked 
|   3|0x0000000082f00000, 0x0000000082f00000, 0x0000000083000000|  0%| F|  |TAMS 0x0000000082f00000| PB 0x0000000082f00000| Untracked 
|   4|0x0000000083000000, 0x0000000083000000, 0x0000000083100000|  0%| F|  |TAMS 0x0000000083000000| PB 0x0000000083000000| Untracked 
|   5|0x0000000083100000, 0x0000000083100000, 0x0000000083200000|  0%| F|  |TAMS 0x0000000083100000| PB 0x0000000083100000| Untracked 
|   6|0x0000000083200000, 0x0000000083200000, 0x0000000083300000|  0%| F|  |TAMS 0x0000000083200000| PB 0x0000000083200000| Untracked 
|   7|0x0000000083300000, 0x0000000083300000, 0x0000000083400000|  0%| F|  |TAMS 0x0000000083300000| PB 0x0000000083300000| Untracked 
|   8|0x0000000083400000, 0x0000000083400000, 0x0000000083500000|  0%| F|  |TAMS 0x0000000083400000| PB 0x0000000083400000| Untracked 
|   9|0x0000000083500000, 0x0000000083500000, 0x0000000083600000|  0%| F|  |TAMS 0x0000000083500000| PB 0x0000000083500000| Untracked 
|  10|0x0000000083600000, 0x0000000083600000, 0x0000000083700000|  0%| F|  |TAMS 0x0000000083600000| PB 0x0000000083600000| Untracked 
|  11|0x0000000083700000, 0x0000000083700000, 0x0000000083800000|  0%| F|  |TAMS 0x0000000083700000| PB 0x0000000083700000| Untracked 
|  12|0x0000000083800000, 0x0000000083800000, 0x0000000083900000|  0%| F|  |TAMS 0x0000000083800000| PB 0x0000000083800000| Untracked 
|  13|0x0000000083900000, 0x0000000083900000, 0x0000000083a00000|  0%| F|  |TAMS 0x0000000083900000| PB 0x0000000083900000| Untracked 
|  14|0x0000000083a00000, 0x0000000083a00000, 0x0000000083b00000|  0%| F|  |TAMS 0x0000000083a00000| PB 0x0000000083a00000| Untracked 
|  15|0x0000000083b00000, 0x0000000083b00000, 0x0000000083c00000|  0%| F|  |TAMS 0x0000000083b00000| PB 0x0000000083b00000| Untracked 
|  16|0x0000000083c00000, 0x0000000083c00000, 0x0000000083d00000|  0%| F|  |TAMS 0x0000000083c00000| PB 0x0000000083c00000| Untracked 
|  17|0x0000000083d00000, 0x0000000083d00000, 0x0000000083e00000|  0%| F|  |TAMS 0x0000000083d00000| PB 0x0000000083d00000| Untracked 
|  18|0x0000000083e00000, 0x0000000083e00000, 0x0000000083f00000|  0%| F|  |TAMS 0x0000000083e00000| PB 0x0000000083e00000| Untracked 
|  19|0x0000000083f00000, 0x0000000083f00000, 0x0000000084000000|  0%| F|  |TAMS 0x0000000083f00000| PB 0x0000000083f00000| Untracked 
|  20|0x0000000084000000, 0x0000000084000000, 0x0000000084100000|  0%| F|  |TAMS 0x0000000084000000| PB 0x0000000084000000| Untracked 
|  21|0x0000000084100000, 0x0000000084100000, 0x0000000084200000|  0%| F|  |TAMS 0x0000000084100000| PB 0x0000000084100000| Untracked 
|  22|0x0000000084200000, 0x0000000084200000, 0x0000000084300000|  0%| F|  |TAMS 0x0000000084200000| PB 0x0000000084200000| Untracked 
|  23|0x0000000084300000, 0x0000000084300000, 0x0000000084400000|  0%| F|  |TAMS 0x0000000084300000| PB 0x0000000084300000| Untracked 
|  24|0x0000000084400000, 0x0000000084400000, 0x0000000084500000|  0%| F|  |TAMS 0x0000000084400000| PB 0x0000000084400000| Untracked 
|  25|0x0000000084500000, 0x0000000084500000, 0x0000000084600000|  0%| F|  |TAMS 0x0000000084500000| PB 0x0000000084500000| Untracked 
|  26|0x0000000084600000, 0x0000000084600000, 0x0000000084700000|  0%| F|  |TAMS 0x0000000084600000| PB 0x0000000084600000| Untracked 
|  27|0x0000000084700000, 0x0000000084700000, 0x0000000084800000|  0%| F|  |TAMS 0x0000000084700000| PB 0x0000000084700000| Untracked 
|  28|0x0000000084800000, 0x0000000084800000, 0x0000000084900000|  0%| F|  |TAMS 0x0000000084800000| PB 0x0000000084800000| Untracked 
|  29|0x0000000084900000, 0x0000000084900000, 0x0000000084a00000|  0%| F|  |TAMS 0x0000000084900000| PB 0x0000000084900000| Untracked 
|  30|0x0000000084a00000, 0x0000000084a00000, 0x0000000084b00000|  0%| F|  |TAMS 0x0000000084a00000| PB 0x0000000084a00000| Untracked 
|  31|0x0000000084b00000, 0x0000000084b00000, 0x0000000084c00000|  0%| F|  |TAMS 0x0000000084b00000| PB 0x0000000084b00000| Untracked 
|  32|0x0000000084c00000, 0x0000000084c00000, 0x0000000084d00000|  0%| F|  |TAMS 0x0000000084c00000| PB 0x0000000084c00000| Untracked 
|  33|0x0000000084d00000, 0x0000000084d00000, 0x0000000084e00000|  0%| F|  |TAMS 0x0000000084d00000| PB 0x0000000084d00000| Untracked 
|  34|0x0000000084e00000, 0x0000000084e00000, 0x0000000084f00000|  0%| F|  |TAMS 0x0000000084e00000| PB 0x0000000084e00000| Untracked 
|  35|0x0000000084f00000, 0x0000000084f00000, 0x0000000085000000|  0%| F|  |TAMS 0x0000000084f00000| PB 0x0000000084f00000| Untracked 
|  36|0x0000000085000000, 0x0000000085000000, 0x0000000085100000|  0%| F|  |TAMS 0x0000000085000000| PB 0x0000000085000000| Untracked 
|  37|0x0000000085100000, 0x0000000085100000, 0x0000000085200000|  0%| F|  |TAMS 0x0000000085100000| PB 0x0000000085100000| Untracked 
|  38|0x0000000085200000, 0x0000000085200000, 0x0000000085300000|  0%| F|  |TAMS 0x0000000085200000| PB 0x0000000085200000| Untracked 
|  39|0x0000000085300000, 0x0000000085300000, 0x0000000085400000|  0%| F|  |TAMS 0x0000000085300000| PB 0x0000000085300000| Untracked 
|  40|0x0000000085400000, 0x0000000085400000, 0x0000000085500000|  0%| F|  |TAMS 0x0000000085400000| PB 0x0000000085400000| Untracked 
|  41|0x0000000085500000, 0x0000000085500000, 0x0000000085600000|  0%| F|  |TAMS 0x0000000085500000| PB 0x0000000085500000| Untracked 
|  42|0x0000000085600000, 0x0000000085600000, 0x0000000085700000|  0%| F|  |TAMS 0x0000000085600000| PB 0x0000000085600000| Untracked 
|  43|0x0000000085700000, 0x0000000085700000, 0x0000000085800000|  0%| F|  |TAMS 0x0000000085700000| PB 0x0000000085700000| Untracked 
|  44|0x0000000085800000, 0x0000000085800000, 0x0000000085900000|  0%| F|  |TAMS 0x0000000085800000| PB 0x0000000085800000| Untracked 
|  45|0x0000000085900000, 0x0000000085900000, 0x0000000085a00000|  0%| F|  |TAMS 0x0000000085900000| PB 0x0000000085900000| Untracked 
|  46|0x0000000085a00000, 0x0000000085a00000, 0x0000000085b00000|  0%| F|  |TAMS 0x0000000085a00000| PB 0x0000000085a00000| Untracked 
|  47|0x0000000085b00000, 0x0000000085b00000, 0x0000000085c00000|  0%| F|  |TAMS 0x0000000085b00000| PB 0x0000000085b00000| Untracked 
|  48|0x0000000085c00000, 0x0000000085c00000, 0x0000000085d00000|  0%| F|  |TAMS 0x0000000085c00000| PB 0x0000000085c00000| Untracked 
|  49|0x0000000085d00000, 0x0000000085d00000, 0x0000000085e00000|  0%| F|  |TAMS 0x0000000085d00000| PB 0x0000000085d00000| Untracked 
|  50|0x0000000085e00000, 0x0000000085e00000, 0x0000000085f00000|  0%| F|  |TAMS 0x0000000085e00000| PB 0x0000000085e00000| Untracked 
|  51|0x0000000085f00000, 0x0000000085f00000, 0x0000000086000000|  0%| F|  |TAMS 0x0000000085f00000| PB 0x0000000085f00000| Untracked 
|  52|0x0000000086000000, 0x0000000086000000, 0x0000000086100000|  0%| F|  |TAMS 0x0000000086000000| PB 0x0000000086000000| Untracked 
|  53|0x0000000086100000, 0x0000000086100000, 0x0000000086200000|  0%| F|  |TAMS 0x0000000086100000| PB 0x0000000086100000| Untracked 
|  54|0x0000000086200000, 0x0000000086200000, 0x0000000086300000|  0%| F|  |TAMS 0x0000000086200000| PB 0x0000000086200000| Untracked 
|  55|0x0000000086300000, 0x0000000086300000, 0x0000000086400000|  0%| F|  |TAMS 0x0000000086300000| PB 0x0000000086300000| Untracked 
|  56|0x0000000086400000, 0x0000000086400000, 0x0000000086500000|  0%| F|  |TAMS 0x0000000086400000| PB 0x0000000086400000| Untracked 
|  57|0x0000000086500000, 0x0000000086500000, 0x0000000086600000|  0%| F|  |TAMS 0x0000000086500000| PB 0x0000000086500000| Untracked 
|  58|0x0000000086600000, 0x0000000086600000, 0x0000000086700000|  0%| F|  |TAMS 0x0000000086600000| PB 0x0000000086600000| Untracked 
|  59|0x0000000086700000, 0x0000000086700000, 0x0000000086800000|  0%| F|  |TAMS 0x0000000086700000| PB 0x0000000086700000| Untracked 
|  60|0x0000000086800000, 0x0000000086800000, 0x0000000086900000|  0%| F|  |TAMS 0x0000000086800000| PB 0x0000000086800000| Untracked 
|  61|0x0000000086900000, 0x0000000086900000, 0x0000000086a00000|  0%| F|  |TAMS 0x0000000086900000| PB 0x0000000086900000| Untracked 
|  62|0x0000000086a00000, 0x0000000086a00000, 0x0000000086b00000|  0%| F|  |TAMS 0x0000000086a00000| PB 0x0000000086a00000| Untracked 
|  63|0x0000000086b00000, 0x0000000086b00000, 0x0000000086c00000|  0%| F|  |TAMS 0x0000000086b00000| PB 0x0000000086b00000| Untracked 
|  64|0x0000000086c00000, 0x0000000086c00000, 0x0000000086d00000|  0%| F|  |TAMS 0x0000000086c00000| PB 0x0000000086c00000| Untracked 
|  65|0x0000000086d00000, 0x0000000086d00000, 0x0000000086e00000|  0%| F|  |TAMS 0x0000000086d00000| PB 0x0000000086d00000| Untracked 
|  66|0x0000000086e00000, 0x0000000086e00000, 0x0000000086f00000|  0%| F|  |TAMS 0x0000000086e00000| PB 0x0000000086e00000| Untracked 
|  67|0x0000000086f00000, 0x0000000086f00000, 0x0000000087000000|  0%| F|  |TAMS 0x0000000086f00000| PB 0x0000000086f00000| Untracked 
|  68|0x0000000087000000, 0x0000000087000000, 0x0000000087100000|  0%| F|  |TAMS 0x0000000087000000| PB 0x0000000087000000| Untracked 
|  69|0x0000000087100000, 0x0000000087100000, 0x0000000087200000|  0%| F|  |TAMS 0x0000000087100000| PB 0x0000000087100000| Untracked 
|  70|0x0000000087200000, 0x0000000087200000, 0x0000000087300000|  0%| F|  |TAMS 0x0000000087200000| PB 0x0000000087200000| Untracked 
|  71|0x0000000087300000, 0x0000000087300000, 0x0000000087400000|  0%| F|  |TAMS 0x0000000087300000| PB 0x0000000087300000| Untracked 
|  72|0x0000000087400000, 0x0000000087400000, 0x0000000087500000|  0%| F|  |TAMS 0x0000000087400000| PB 0x0000000087400000| Untracked 
|  73|0x0000000087500000, 0x0000000087500000, 0x0000000087600000|  0%| F|  |TAMS 0x0000000087500000| PB 0x0000000087500000| Untracked 
|  74|0x0000000087600000, 0x0000000087600000, 0x0000000087700000|  0%| F|  |TAMS 0x0000000087600000| PB 0x0000000087600000| Untracked 
|  75|0x0000000087700000, 0x0000000087700000, 0x0000000087800000|  0%| F|  |TAMS 0x0000000087700000| PB 0x0000000087700000| Untracked 
|  76|0x0000000087800000, 0x0000000087800000, 0x0000000087900000|  0%| F|  |TAMS 0x0000000087800000| PB 0x0000000087800000| Untracked 
|  77|0x0000000087900000, 0x0000000087900000, 0x0000000087a00000|  0%| F|  |TAMS 0x0000000087900000| PB 0x0000000087900000| Untracked 
|  78|0x0000000087a00000, 0x0000000087a00000, 0x0000000087b00000|  0%| F|  |TAMS 0x0000000087a00000| PB 0x0000000087a00000| Untracked 
|  79|0x0000000087b00000, 0x0000000087b00000, 0x0000000087c00000|  0%| F|  |TAMS 0x0000000087b00000| PB 0x0000000087b00000| Untracked 
|  80|0x0000000087c00000, 0x0000000087c00000, 0x0000000087d00000|  0%| F|  |TAMS 0x0000000087c00000| PB 0x0000000087c00000| Untracked 
|  81|0x0000000087d00000, 0x0000000087d00000, 0x0000000087e00000|  0%| F|  |TAMS 0x0000000087d00000| PB 0x0000000087d00000| Untracked 
|  82|0x0000000087e00000, 0x0000000087e00000, 0x0000000087f00000|  0%| F|  |TAMS 0x0000000087e00000| PB 0x0000000087e00000| Untracked 
|  83|0x0000000087f00000, 0x0000000087f00000, 0x0000000088000000|  0%| F|  |TAMS 0x0000000087f00000| PB 0x0000000087f00000| Untracked 
|  84|0x0000000088000000, 0x0000000088000000, 0x0000000088100000|  0%| F|  |TAMS 0x0000000088000000| PB 0x0000000088000000| Untracked 
|  85|0x0000000088100000, 0x0000000088100000, 0x0000000088200000|  0%| F|  |TAMS 0x0000000088100000| PB 0x0000000088100000| Untracked 
|  86|0x0000000088200000, 0x0000000088200000, 0x0000000088300000|  0%| F|  |TAMS 0x0000000088200000| PB 0x0000000088200000| Untracked 
|  87|0x0000000088300000, 0x0000000088300000, 0x0000000088400000|  0%| F|  |TAMS 0x0000000088300000| PB 0x0000000088300000| Untracked 
|  88|0x0000000088400000, 0x0000000088400000, 0x0000000088500000|  0%| F|  |TAMS 0x0000000088400000| PB 0x0000000088400000| Untracked 
|  89|0x0000000088500000, 0x0000000088500000, 0x0000000088600000|  0%| F|  |TAMS 0x0000000088500000| PB 0x0000000088500000| Untracked 
|  90|0x0000000088600000, 0x0000000088600000, 0x0000000088700000|  0%| F|  |TAMS 0x0000000088600000| PB 0x0000000088600000| Untracked 
|  91|0x0000000088700000, 0x0000000088700000, 0x0000000088800000|  0%| F|  |TAMS 0x0000000088700000| PB 0x0000000088700000| Untracked 
|  92|0x0000000088800000, 0x0000000088800000, 0x0000000088900000|  0%| F|  |TAMS 0x0000000088800000| PB 0x0000000088800000| Untracked 
|  93|0x0000000088900000, 0x0000000088900000, 0x0000000088a00000|  0%| F|  |TAMS 0x0000000088900000| PB 0x0000000088900000| Untracked 
|  94|0x0000000088a00000, 0x0000000088a00000, 0x0000000088b00000|  0%| F|  |TAMS 0x0000000088a00000| PB 0x0000000088a00000| Untracked 
|  95|0x0000000088b00000, 0x0000000088b00000, 0x0000000088c00000|  0%| F|  |TAMS 0x0000000088b00000| PB 0x0000000088b00000| Untracked 
|  96|0x0000000088c00000, 0x0000000088c00000, 0x0000000088d00000|  0%| F|  |TAMS 0x0000000088c00000| PB 0x0000000088c00000| Untracked 
|  97|0x0000000088d00000, 0x0000000088d00000, 0x0000000088e00000|  0%| F|  |TAMS 0x0000000088d00000| PB 0x0000000088d00000| Untracked 
|  98|0x0000000088e00000, 0x0000000088e00000, 0x0000000088f00000|  0%| F|  |TAMS 0x0000000088e00000| PB 0x0000000088e00000| Untracked 
|  99|0x0000000088f00000, 0x0000000088f00000, 0x0000000089000000|  0%| F|  |TAMS 0x0000000088f00000| PB 0x0000000088f00000| Untracked 
| 100|0x0000000089000000, 0x0000000089000000, 0x0000000089100000|  0%| F|  |TAMS 0x0000000089000000| PB 0x0000000089000000| Untracked 
| 101|0x0000000089100000, 0x0000000089100000, 0x0000000089200000|  0%| F|  |TAMS 0x0000000089100000| PB 0x0000000089100000| Untracked 
| 102|0x0000000089200000, 0x0000000089200000, 0x0000000089300000|  0%| F|  |TAMS 0x0000000089200000| PB 0x0000000089200000| Untracked 
| 103|0x0000000089300000, 0x0000000089300000, 0x0000000089400000|  0%| F|  |TAMS 0x0000000089300000| PB 0x0000000089300000| Untracked 
| 104|0x0000000089400000, 0x0000000089400000, 0x0000000089500000|  0%| F|  |TAMS 0x0000000089400000| PB 0x0000000089400000| Untracked 
| 105|0x0000000089500000, 0x0000000089500000, 0x0000000089600000|  0%| F|  |TAMS 0x0000000089500000| PB 0x0000000089500000| Untracked 
| 106|0x0000000089600000, 0x0000000089600000, 0x0000000089700000|  0%| F|  |TAMS 0x0000000089600000| PB 0x0000000089600000| Untracked 
| 107|0x0000000089700000, 0x0000000089700000, 0x0000000089800000|  0%| F|  |TAMS 0x0000000089700000| PB 0x0000000089700000| Untracked 
| 108|0x0000000089800000, 0x0000000089800000, 0x0000000089900000|  0%| F|  |TAMS 0x0000000089800000| PB 0x0000000089800000| Untracked 
| 109|0x0000000089900000, 0x0000000089900000, 0x0000000089a00000|  0%| F|  |TAMS 0x0000000089900000| PB 0x0000000089900000| Untracked 
| 110|0x0000000089a00000, 0x0000000089a00000, 0x0000000089b00000|  0%| F|  |TAMS 0x0000000089a00000| PB 0x0000000089a00000| Untracked 
| 111|0x0000000089b00000, 0x0000000089beb8a0, 0x0000000089c00000| 92%| E|  |TAMS 0x0000000089b00000| PB 0x0000000089b00000| Complete 
| 112|0x0000000089c00000, 0x0000000089d00000, 0x0000000089d00000|100%| E|CS|TAMS 0x0000000089c00000| PB 0x0000000089c00000| Complete 
| 113|0x0000000089d00000, 0x0000000089e00000, 0x0000000089e00000|100%| E|CS|TAMS 0x0000000089d00000| PB 0x0000000089d00000| Complete 
| 114|0x0000000089e00000, 0x0000000089f00000, 0x0000000089f00000|100%| E|CS|TAMS 0x0000000089e00000| PB 0x0000000089e00000| Complete 
| 115|0x0000000089f00000, 0x000000008a000000, 0x000000008a000000|100%| E|CS|TAMS 0x0000000089f00000| PB 0x0000000089f00000| Complete 
| 116|0x000000008a000000, 0x000000008a100000, 0x000000008a100000|100%| E|CS|TAMS 0x000000008a000000| PB 0x000000008a000000| Complete 
| 117|0x000000008a100000, 0x000000008a200000, 0x000000008a200000|100%| E|CS|TAMS 0x000000008a100000| PB 0x000000008a100000| Complete 
| 118|0x000000008a200000, 0x000000008a300000, 0x000000008a300000|100%| E|CS|TAMS 0x000000008a200000| PB 0x000000008a200000| Complete 
| 119|0x000000008a300000, 0x000000008a400000, 0x000000008a400000|100%| E|CS|TAMS 0x000000008a300000| PB 0x000000008a300000| Complete 
| 120|0x000000008a400000, 0x000000008a500000, 0x000000008a500000|100%| E|CS|TAMS 0x000000008a400000| PB 0x000000008a400000| Complete 
| 121|0x000000008a500000, 0x000000008a600000, 0x000000008a600000|100%| E|CS|TAMS 0x000000008a500000| PB 0x000000008a500000| Complete 
| 122|0x000000008a600000, 0x000000008a700000, 0x000000008a700000|100%| E|CS|TAMS 0x000000008a600000| PB 0x000000008a600000| Complete 
| 123|0x000000008a700000, 0x000000008a800000, 0x000000008a800000|100%| E|CS|TAMS 0x000000008a700000| PB 0x000000008a700000| Complete 
| 124|0x000000008a800000, 0x000000008a900000, 0x000000008a900000|100%| E|CS|TAMS 0x000000008a800000| PB 0x000000008a800000| Complete 
| 125|0x000000008a900000, 0x000000008aa00000, 0x000000008aa00000|100%| E|CS|TAMS 0x000000008a900000| PB 0x000000008a900000| Complete 

Card table byte_map: [0x000002741ed50000,0x000002741f140000] _byte_map_base: 0x000002741e93a000

Marking Bits: (CMBitMap*) 0x00000274096f4580
 Bits: [0x000002741f140000, 0x0000027421090000)

Polling page: 0x00000274095f0000

Metaspace:

Usage:
  Non-class:      7.60 MB used.
      Class:   1012.80 KB used.
       Both:      8.59 MB used.

Virtual space:
  Non-class space:       64.00 MB reserved,       7.69 MB ( 12%) committed,  1 nodes.
      Class space:        1.00 GB reserved,       1.12 MB ( <1%) committed,  1 nodes.
             Both:        1.06 GB reserved,       8.81 MB ( <1%) committed. 

Chunk freelists:
   Non-Class:  8.12 MB
       Class:  14.73 MB
        Both:  22.86 MB

MaxMetaspaceSize: unlimited
CompressedClassSpaceSize: 1.00 GB
Initial GC threshold: 21.00 MB
Current GC threshold: 21.00 MB
CDS: on
 - commit_granule_bytes: 65536.
 - commit_granule_words: 8192.
 - virtual_space_node_default_size: 8388608.
 - enlarge_chunks_in_place: 1.
 - use_allocation_guard: 0.


Internal statistics:

num_allocs_failed_limit: 0.
num_arena_births: 230.
num_arena_deaths: 0.
num_vsnodes_births: 2.
num_vsnodes_deaths: 0.
num_space_committed: 141.
num_space_uncommitted: 0.
num_chunks_returned_to_freelist: 0.
num_chunks_taken_from_freelist: 365.
num_chunk_merges: 0.
num_chunk_splits: 225.
num_chunks_enlarged: 116.
num_inconsistent_stats: 0.

CodeHeap 'non-profiled nmethods': size=120000Kb used=417Kb max_used=417Kb free=119582Kb
 bounds [0x00000274169c0000, 0x0000027416c30000, 0x000002741def0000]
CodeHeap 'profiled nmethods': size=120000Kb used=1744Kb max_used=1744Kb free=118255Kb
 bounds [0x000002740eef0000, 0x000002740f160000, 0x0000027416420000]
CodeHeap 'non-nmethods': size=5760Kb used=1430Kb max_used=1477Kb free=4330Kb
 bounds [0x0000027416420000, 0x0000027416690000, 0x00000274169c0000]
 total_blobs=1619 nmethods=1104 adapters=420
 compilation: enabled
              stopped_count=0, restarted_count=0
 full_count=0

Compilation events (20 events):
Event: 2.409 Thread 0x0000027423b989a0 nmethod 1082 0x000002740f08e490 code [0x000002740f08e640, 0x000002740f08e7a8]
Event: 2.411 Thread 0x0000027423b989a0 1083       3       java.lang.invoke.MethodHandles$Lookup::resolveOrFail (48 bytes)
Event: 2.411 Thread 0x0000027423b989a0 nmethod 1083 0x000002740f08e810 code [0x000002740f08ea60, 0x000002740f08f110]
Event: 2.411 Thread 0x0000027423b989a0 1084       3       java.lang.invoke.MethodHandles$Lookup::checkMethodName (45 bytes)
Event: 2.412 Thread 0x0000027423b989a0 nmethod 1084 0x000002740f08f410 code [0x000002740f08f660, 0x000002740f08fd28]
Event: 2.412 Thread 0x0000027423b989a0 1086       3       sun.security.ec.XECOperations::bitAt (23 bytes)
Event: 2.412 Thread 0x0000027423b989a0 nmethod 1086 0x000002740f090010 code [0x000002740f0901c0, 0x000002740f090358]
Event: 2.412 Thread 0x0000027423b989a0 1085       3       java.lang.invoke.MethodHandles$Lookup::<init> (84 bytes)
Event: 2.412 Thread 0x0000027423b989a0 nmethod 1085 0x000002740f090490 code [0x000002740f090640, 0x000002740f090888]
Event: 2.413 Thread 0x0000027423b989a0 1089       3       sun.security.util.math.intpoly.IntegerPolynomial25519::reduce (40 bytes)
Event: 2.413 Thread 0x0000027423b989a0 nmethod 1089 0x000002740f090990 code [0x000002740f090b60, 0x000002740f090e60]
Event: 2.413 Thread 0x0000027423b989a0 1090       3       sun.security.util.math.intpoly.IntegerPolynomial25519::carryReduce (391 bytes)
Event: 2.414 Thread 0x0000027423b989a0 nmethod 1090 0x000002740f091010 code [0x000002740f0911c0, 0x000002740f091620]
Event: 2.418 Thread 0x0000027423b989a0 1091       3       java.lang.invoke.VarHandleByteArrayAsInts$ArrayHandle::set (39 bytes)
Event: 2.418 Thread 0x0000027423b989a0 nmethod 1091 0x000002740f091810 code [0x000002740f0919e0, 0x000002740f091e08]
Event: 2.418 Thread 0x0000027423b989a0 1092       3       jdk.internal.misc.Unsafe::putIntUnaligned (14 bytes)
Event: 2.418 Thread 0x0000027423b989a0 nmethod 1092 0x000002740f091f90 code [0x000002740f092140, 0x000002740f092380]
Event: 2.418 Thread 0x0000027423b989a0 1093       3       jdk.internal.misc.Unsafe::putIntUnaligned (79 bytes)
Event: 2.419 Thread 0x0000027423b989a0 nmethod 1093 0x000002740f092490 code [0x000002740f092660, 0x000002740f0929f0]
Event: 2.423 Thread 0x0000027423b989a0 1094       3       sun.security.provider.ByteArrayAccess::b2iBig64 (231 bytes)

GC Heap History (0 events):
No events

Dll operation events (2 events):
Event: 0.022 Loaded shared library C:\Program Files\JetBrains\PyCharm 2024.3.4\jbr\bin\java.dll
Event: 0.135 Loaded shared library C:\Program Files\JetBrains\PyCharm 2024.3.4\jbr\bin\zip.dll

Deoptimization events (20 events):
Event: 2.412 Thread 0x0000027423b8c6a0 Uncommon trap: trap_request=0xffffff66 fr.pc=0x0000027416a18a94 relative=0x0000000000000334
Event: 2.412 Thread 0x0000027423b8c6a0 Uncommon trap: reason=speculate_class_check action=maybe_recompile pc=0x0000027416a18a94 method=sun.security.util.math.intpoly.IntegerPolynomial.multByInt([JJ)V @ 26 c2
Event: 2.412 Thread 0x0000027423b8c6a0 DEOPT PACKING pc=0x0000027416a18a94 sp=0x000000796b6fe5f0
Event: 2.412 Thread 0x0000027423b8c6a0 DEOPT UNPACKING pc=0x00000274164746a2 sp=0x000000796b6fe530 mode 2
Event: 2.412 Thread 0x0000027423b8c6a0 Uncommon trap: trap_request=0xffffffde fr.pc=0x0000027416a136c0 relative=0x0000000000000280
Event: 2.412 Thread 0x0000027423b8c6a0 Uncommon trap: reason=class_check action=maybe_recompile pc=0x0000027416a136c0 method=sun.security.util.math.intpoly.IntegerPolynomial.multByInt([JJ)V @ 26 c2
Event: 2.412 Thread 0x0000027423b8c6a0 DEOPT PACKING pc=0x0000027416a136c0 sp=0x000000796b6fe560
Event: 2.412 Thread 0x0000027423b8c6a0 DEOPT UNPACKING pc=0x00000274164746a2 sp=0x000000796b6fe530 mode 2
Event: 2.412 Thread 0x0000027423b8c6a0 Uncommon trap: trap_request=0xffffffde fr.pc=0x0000027416a136c0 relative=0x0000000000000280
Event: 2.412 Thread 0x0000027423b8c6a0 Uncommon trap: reason=class_check action=maybe_recompile pc=0x0000027416a136c0 method=sun.security.util.math.intpoly.IntegerPolynomial.multByInt([JJ)V @ 26 c2
Event: 2.412 Thread 0x0000027423b8c6a0 DEOPT PACKING pc=0x0000027416a136c0 sp=0x000000796b6fe560
Event: 2.412 Thread 0x0000027423b8c6a0 DEOPT UNPACKING pc=0x00000274164746a2 sp=0x000000796b6fe530 mode 2
Event: 2.412 Thread 0x0000027423b8c6a0 Uncommon trap: trap_request=0xffffffde fr.pc=0x0000027416a136c0 relative=0x0000000000000280
Event: 2.412 Thread 0x0000027423b8c6a0 Uncommon trap: reason=class_check action=maybe_recompile pc=0x0000027416a136c0 method=sun.security.util.math.intpoly.IntegerPolynomial.multByInt([JJ)V @ 26 c2
Event: 2.412 Thread 0x0000027423b8c6a0 DEOPT PACKING pc=0x0000027416a136c0 sp=0x000000796b6fe560
Event: 2.412 Thread 0x0000027423b8c6a0 DEOPT UNPACKING pc=0x00000274164746a2 sp=0x000000796b6fe530 mode 2
Event: 2.412 Thread 0x0000027423b8c6a0 Uncommon trap: trap_request=0xffffffde fr.pc=0x0000027416a136c0 relative=0x0000000000000280
Event: 2.412 Thread 0x0000027423b8c6a0 Uncommon trap: reason=class_check action=maybe_recompile pc=0x0000027416a136c0 method=sun.security.util.math.intpoly.IntegerPolynomial.multByInt([JJ)V @ 26 c2
Event: 2.412 Thread 0x0000027423b8c6a0 DEOPT PACKING pc=0x0000027416a136c0 sp=0x000000796b6fe560
Event: 2.412 Thread 0x0000027423b8c6a0 DEOPT UNPACKING pc=0x00000274164746a2 sp=0x000000796b6fe530 mode 2

Classes loaded (20 events):
Event: 2.420 Loading class sun/security/ssl/SSLTrafficKeyDerivation
Event: 2.420 Loading class sun/security/ssl/SSLKeyDerivationGenerator
Event: 2.420 Loading class sun/security/ssl/SSLKeyDerivationGenerator done
Event: 2.420 Loading class sun/security/ssl/SSLTrafficKeyDerivation done
Event: 2.420 Loading class sun/security/ssl/SSLTrafficKeyDerivation$S30TrafficKeyDerivationGenerator
Event: 2.420 Loading class sun/security/ssl/SSLTrafficKeyDerivation$S30TrafficKeyDerivationGenerator done
Event: 2.420 Loading class sun/security/ssl/SSLTrafficKeyDerivation$T10TrafficKeyDerivationGenerator
Event: 2.420 Loading class sun/security/ssl/SSLTrafficKeyDerivation$T10TrafficKeyDerivationGenerator done
Event: 2.421 Loading class sun/security/ssl/SSLTrafficKeyDerivation$T12TrafficKeyDerivationGenerator
Event: 2.421 Loading class sun/security/ssl/SSLTrafficKeyDerivation$T12TrafficKeyDerivationGenerator done
Event: 2.421 Loading class sun/security/ssl/SSLTrafficKeyDerivation$T13TrafficKeyDerivationGenerator
Event: 2.421 Loading class sun/security/ssl/SSLTrafficKeyDerivation$T13TrafficKeyDerivationGenerator done
Event: 2.421 Loading class sun/security/ssl/SSLTrafficKeyDerivation$1
Event: 2.421 Loading class sun/security/ssl/SSLTrafficKeyDerivation$1 done
Event: 2.421 Loading class sun/security/ssl/SSLTrafficKeyDerivation$T13TrafficKeyDerivation
Event: 2.422 Loading class sun/security/ssl/SSLTrafficKeyDerivation$T13TrafficKeyDerivation done
Event: 2.422 Loading class sun/security/ssl/SSLTrafficKeyDerivation$KeySchedule
Event: 2.422 Loading class sun/security/ssl/SSLTrafficKeyDerivation$KeySchedule done
Event: 2.423 Loading class javax/crypto/spec/IvParameterSpec
Event: 2.423 Loading class javax/crypto/spec/IvParameterSpec done

Classes unloaded (0 events):
No events

Classes redefined (0 events):
No events

Internal exceptions (20 events):
Event: 0.675 Thread 0x00000274094fc000 Exception <a 'java/lang/NoSuchMethodError'{0x000000008a4a58e8}: 'int java.lang.invoke.DirectMethodHandle$Holder.invokeStaticInit(java.lang.Object, long, long)'> (0x000000008a4a58e8) 
thrown [s\src\hotspot\share\interpreter\linkResolver.cpp, line 784]
Event: 0.676 Thread 0x00000274094fc000 Exception <a 'java/lang/NoSuchMethodError'{0x000000008a4ac380}: 'int java.lang.invoke.DirectMethodHandle$Holder.invokeStaticInit(java.lang.Object, float, float)'> (0x000000008a4ac380) 
thrown [s\src\hotspot\share\interpreter\linkResolver.cpp, line 784]
Event: 0.677 Thread 0x00000274094fc000 Exception <a 'java/lang/NoSuchMethodError'{0x000000008a4b2e10}: 'int java.lang.invoke.DirectMethodHandle$Holder.invokeStaticInit(java.lang.Object, double, double)'> (0x000000008a4b2e10) 
thrown [s\src\hotspot\share\interpreter\linkResolver.cpp, line 784]
Event: 0.678 Thread 0x00000274094fc000 Exception <a 'java/lang/NoSuchMethodError'{0x000000008a4b7498}: 'int java.lang.invoke.DirectMethodHandle$Holder.invokeStatic(java.lang.Object, long)'> (0x000000008a4b7498) 
thrown [s\src\hotspot\share\interpreter\linkResolver.cpp, line 784]
Event: 0.686 Thread 0x00000274094fc000 Exception <a 'java/lang/NoSuchMethodError'{0x000000008a4e1010}: 'java.lang.Object java.lang.invoke.DirectMethodHandle$Holder.invokeSpecial(java.lang.Object, java.lang.Object, int, java.lang.Object, java.lang.Object)'> (0x000000008a4e1010) 
thrown [s\src\hotspot\share\interpreter\linkResolver.cpp, line 784]
Event: 0.686 Thread 0x00000274094fc000 Exception <a 'java/lang/NoSuchMethodError'{0x000000008a4e49a0}: 'java.lang.Object java.lang.invoke.DelegatingMethodHandle$Holder.delegate(java.lang.Object, int, java.lang.Object, java.lang.Object)'> (0x000000008a4e49a0) 
thrown [s\src\hotspot\share\interpreter\linkResolver.cpp, line 784]
Event: 0.689 Thread 0x00000274094fc000 Exception <a 'java/lang/NoSuchMethodError'{0x000000008a4f4260}: 'int java.lang.invoke.Invokers$Holder.linkToTargetMethod(java.lang.Object, java.lang.Object, java.lang.Object)'> (0x000000008a4f4260) 
thrown [s\src\hotspot\share\interpreter\linkResolver.cpp, line 784]
Event: 0.695 Thread 0x00000274094fc000 Exception <a 'java/lang/NoSuchMethodError'{0x000000008a3261f0}: 'long java.lang.invoke.DirectMethodHandle$Holder.invokeSpecial(java.lang.Object, java.lang.Object)'> (0x000000008a3261f0) 
thrown [s\src\hotspot\share\interpreter\linkResolver.cpp, line 784]
Event: 0.697 Thread 0x00000274094fc000 Exception <a 'java/lang/NoSuchMethodError'{0x000000008a32cac0}: 'int java.lang.invoke.DirectMethodHandle$Holder.invokeStatic(java.lang.Object, java.lang.Object, java.lang.Object, java.lang.Object)'> (0x000000008a32cac0) 
thrown [s\src\hotspot\share\interpreter\linkResolver.cpp, line 784]
Event: 0.698 Thread 0x00000274094fc000 Exception <a 'java/lang/NoSuchMethodError'{0x000000008a32fee0}: 'java.lang.Object java.lang.invoke.Invokers$Holder.invokeExact_MT(java.lang.Object, java.lang.Object, java.lang.Object, java.lang.Object, java.lang.Object, java.lang.Object)'> (0x000000008a32fee0) 
thrown [s\src\hotspot\share\interpreter\linkResolver.cpp, line 784]
Event: 0.848 Thread 0x00000274094fc000 Exception <a 'java/lang/NoSuchMethodError'{0x000000008a14f9f8}: 'java.lang.Object java.lang.invoke.DirectMethodHandle$Holder.newInvokeSpecial(java.lang.Object, java.lang.Object, java.lang.Object, java.lang.Object, java.lang.Object)'> (0x000000008a14f9f8) 
thrown [s\src\hotspot\share\interpreter\linkResolver.cpp, line 784]
Event: 0.904 Thread 0x00000274094fc000 Exception <a 'java/lang/NoSuchMethodError'{0x0000000089f4f6a8}: 'java.lang.Object java.lang.invoke.DirectMethodHandle$Holder.invokeSpecial(java.lang.Object, java.lang.Object, java.lang.Object, java.lang.Object, int)'> (0x0000000089f4f6a8) 
thrown [s\src\hotspot\share\interpreter\linkResolver.cpp, line 784]
Event: 0.905 Thread 0x00000274094fc000 Exception <a 'java/lang/NoSuchMethodError'{0x0000000089f53010}: 'java.lang.Object java.lang.invoke.Invokers$Holder.linkToTargetMethod(java.lang.Object, java.lang.Object, int, java.lang.Object)'> (0x0000000089f53010) 
thrown [s\src\hotspot\share\interpreter\linkResolver.cpp, line 784]
Event: 0.916 Thread 0x00000274094fc000 Exception <a 'java/lang/NoSuchMethodError'{0x0000000089f82800}: 'void java.lang.invoke.DirectMethodHandle$Holder.invokeSpecial(java.lang.Object, java.lang.Object, java.lang.Object)'> (0x0000000089f82800) 
thrown [s\src\hotspot\share\interpreter\linkResolver.cpp, line 784]
Event: 0.945 Thread 0x0000027423b8c010 Exception <a 'java/lang/NoSuchMethodError'{0x000000008a197180}: 'void java.lang.invoke.DirectMethodHandle$Holder.invokeStatic(java.lang.Object, java.lang.Object, int)'> (0x000000008a197180) 
thrown [s\src\hotspot\share\interpreter\linkResolver.cpp, line 784]
Event: 0.951 Thread 0x00000274094fc000 Exception <a 'java/lang/NoSuchMethodError'{0x0000000089e124d0}: 'void java.lang.invoke.DirectMethodHandle$Holder.invokeSpecial(java.lang.Object, java.lang.Object, java.lang.Object, java.lang.Object, java.lang.Object)'> (0x0000000089e124d0) 
thrown [s\src\hotspot\share\interpreter\linkResolver.cpp, line 784]
Event: 0.962 Thread 0x0000027423b8c010 Exception <a 'java/lang/NoSuchMethodError'{0x000000008a1d1610}: 'void java.lang.invoke.DirectMethodHandle$Holder.invokeStatic(java.lang.Object, java.lang.Object)'> (0x000000008a1d1610) 
thrown [s\src\hotspot\share\interpreter\linkResolver.cpp, line 784]
Event: 0.966 Thread 0x0000027423b8c6a0 Exception <a 'java/lang/NoSuchMethodError'{0x0000000089e99dd0}: 'void java.lang.invoke.DirectMethodHandle$Holder.invokeInterface(java.lang.Object, java.lang.Object, java.lang.Object)'> (0x0000000089e99dd0) 
thrown [s\src\hotspot\share\interpreter\linkResolver.cpp, line 784]
Event: 0.977 Thread 0x0000027423b8c6a0 Exception <a 'java/lang/NoSuchMethodError'{0x0000000089ee7eb8}: 'void java.lang.invoke.DirectMethodHandle$Holder.invokeVirtual(java.lang.Object, java.lang.Object)'> (0x0000000089ee7eb8) 
thrown [s\src\hotspot\share\interpreter\linkResolver.cpp, line 784]
Event: 2.402 Thread 0x0000027423b8c6a0 Exception <a 'java/lang/NoSuchMethodError'{0x0000000089b00418}: 'void java.lang.invoke.DirectMethodHandle$Holder.invokeInterface(java.lang.Object, java.lang.Object)'> (0x0000000089b00418) 
thrown [s\src\hotspot\share\interpreter\linkResolver.cpp, line 784]

ZGC Phase Switch (0 events):
No events

VM Operations (10 events):
Event: 0.180 Executing VM operation: HandshakeAllThreads (Deoptimize)
Event: 0.181 Executing VM operation: HandshakeAllThreads (Deoptimize) done
Event: 0.207 Executing VM operation: HandshakeAllThreads (Deoptimize)
Event: 0.207 Executing VM operation: HandshakeAllThreads (Deoptimize) done
Event: 0.579 Executing VM operation: HandshakeAllThreads (Deoptimize)
Event: 0.579 Executing VM operation: HandshakeAllThreads (Deoptimize) done
Event: 0.951 Executing VM operation: HandshakeAllThreads (Deoptimize)
Event: 0.951 Executing VM operation: HandshakeAllThreads (Deoptimize) done
Event: 1.966 Executing VM operation: Cleanup
Event: 1.966 Executing VM operation: Cleanup done

Memory protections (0 events):
No events

Nmethod flushes (0 events):
No events

Events (20 events):
Event: 0.080 Thread 0x00000274094fc000 Thread added: 0x0000027423b7b5e0
Event: 0.080 Thread 0x00000274094fc000 Thread added: 0x0000027423b80860
Event: 0.080 Thread 0x00000274094fc000 Thread added: 0x0000027423b8cd30
Event: 0.081 Thread 0x00000274094fc000 Thread added: 0x0000027423b93d10
Event: 0.081 Thread 0x00000274094fc000 Thread added: 0x0000027423b989a0
Event: 0.130 Thread 0x00000274094fc000 Thread added: 0x0000027423b8e0e0
Event: 0.139 Thread 0x00000274094fc000 Thread added: 0x0000027423b8ee00
Event: 0.148 Loaded shared library C:\Program Files\JetBrains\PyCharm 2024.3.4\jbr\bin\net.dll
Event: 0.155 Loaded shared library C:\Program Files\JetBrains\PyCharm 2024.3.4\jbr\bin\nio.dll
Event: 0.164 Loaded shared library C:\Program Files\JetBrains\PyCharm 2024.3.4\jbr\bin\zip.dll
Event: 0.346 Loaded shared library C:\Program Files\JetBrains\PyCharm 2024.3.4\jbr\bin\jimage.dll
Event: 0.761 Loaded shared library C:\Program Files\JetBrains\PyCharm 2024.3.4\jbr\bin\sunmscapi.dll
Event: 0.824 Loaded shared library C:\Program Files\JetBrains\PyCharm 2024.3.4\jbr\bin\extnet.dll
Event: 0.839 Thread 0x00000274094fc000 Thread added: 0x0000027423b8c010
Event: 0.961 Thread 0x0000027423b8c010 Thread added: 0x0000027423b8c6a0
Event: 0.988 Thread 0x0000027423b8c010 Thread added: 0x0000027423b8e770
Event: 1.067 Thread 0x0000027423b989a0 Thread added: 0x0000027423b982d0
Event: 1.069 Thread 0x0000027423b989a0 Thread added: 0x0000027423b99070
Event: 2.402 Thread 0x0000027423b99070 Thread exited: 0x0000027423b99070
Event: 2.402 Thread 0x0000027423b982d0 Thread exited: 0x0000027423b982d0


Dynamic libraries:
0x00007ff764e00000 - 0x00007ff764e0a000 	C:\Program Files\JetBrains\PyCharm 2024.3.4\jbr\bin\java.exe
0x00007ffeb0a30000 - 0x00007ffeb0c47000 	C:\WINDOWS\SYSTEM32\ntdll.dll
0x00007ffeaf210000 - 0x00007ffeaf2d4000 	C:\WINDOWS\System32\KERNEL32.DLL
0x00007ffeadfc0000 - 0x00007ffeae390000 	C:\WINDOWS\System32\KERNELBASE.dll
0x00007ffeadd80000 - 0x00007ffeade91000 	C:\WINDOWS\System32\ucrtbase.dll
0x00007ffea8e70000 - 0x00007ffea8e8b000 	C:\Program Files\JetBrains\PyCharm 2024.3.4\jbr\bin\VCRUNTIME140.dll
0x00007ffe975e0000 - 0x00007ffe975f8000 	C:\Program Files\JetBrains\PyCharm 2024.3.4\jbr\bin\jli.dll
0x00007ffeaf710000 - 0x00007ffeaf8be000 	C:\WINDOWS\System32\USER32.dll
0x00007ffe99530000 - 0x00007ffe997c2000 	C:\WINDOWS\WinSxS\amd64_microsoft.windows.common-controls_6595b64144ccf1df_6.0.22621.4830_none_270fe7d773858e80\COMCTL32.dll
0x00007ffeae500000 - 0x00007ffeae526000 	C:\WINDOWS\System32\win32u.dll
0x00007ffeafeb0000 - 0x00007ffeaff57000 	C:\WINDOWS\System32\msvcrt.dll
0x00007ffeae840000 - 0x00007ffeae869000 	C:\WINDOWS\System32\GDI32.dll
0x00007ffeadea0000 - 0x00007ffeadfbb000 	C:\WINDOWS\System32\gdi32full.dll
0x00007ffeadce0000 - 0x00007ffeadd7a000 	C:\WINDOWS\System32\msvcp_win.dll
0x00007ffeb0300000 - 0x00007ffeb0331000 	C:\WINDOWS\System32\IMM32.DLL
0x00000000574a0000 - 0x00000000574ac000 	C:\Program Files (x86)\360\Total Security\safemon\SafeWrapper.dll
0x00007ffeb0240000 - 0x00007ffeb02f1000 	C:\WINDOWS\System32\ADVAPI32.dll
0x00007ffeaf540000 - 0x00007ffeaf5e7000 	C:\WINDOWS\System32\sechost.dll
0x00007ffeae450000 - 0x00007ffeae478000 	C:\WINDOWS\System32\bcrypt.dll
0x00007ffeaf5f0000 - 0x00007ffeaf704000 	C:\WINDOWS\System32\RPCRT4.dll
0x00007ffe99bc0000 - 0x00007ffe99c6c000 	C:\Program Files (x86)\360\Total Security\safemon\libzdtp64.dll
0x00007ffeae980000 - 0x00007ffeaf1f8000 	C:\WINDOWS\System32\SHELL32.dll
0x00007ffeb0010000 - 0x00007ffeb006e000 	C:\WINDOWS\System32\SHLWAPI.dll
0x00007ffead670000 - 0x00007ffead67a000 	C:\WINDOWS\SYSTEM32\VERSION.dll
0x00007ffea8ec0000 - 0x00007ffea8ecc000 	C:\Program Files\JetBrains\PyCharm 2024.3.4\jbr\bin\vcruntime140_1.dll
0x00007ffe57ce0000 - 0x00007ffe57d6d000 	C:\Program Files\JetBrains\PyCharm 2024.3.4\jbr\bin\msvcp140.dll
0x00007ffe037e0000 - 0x00007ffe045a1000 	C:\Program Files\JetBrains\PyCharm 2024.3.4\jbr\bin\server\jvm.dll
0x00007ffeb00e0000 - 0x00007ffeb0151000 	C:\WINDOWS\System32\WS2_32.dll
0x00007ffeadbb0000 - 0x00007ffeadbfd000 	C:\WINDOWS\SYSTEM32\POWRPROF.dll
0x00007ffea66d0000 - 0x00007ffea6704000 	C:\WINDOWS\SYSTEM32\WINMM.dll
0x00007ffeadb90000 - 0x00007ffeadba3000 	C:\WINDOWS\SYSTEM32\UMPDC.dll
0x00007ffeaccb0000 - 0x00007ffeaccc8000 	C:\WINDOWS\SYSTEM32\kernel.appcore.dll
0x00007ffea8e60000 - 0x00007ffea8e6a000 	C:\Program Files\JetBrains\PyCharm 2024.3.4\jbr\bin\jimage.dll
0x00007ffeab4e0000 - 0x00007ffeab712000 	C:\WINDOWS\SYSTEM32\DBGHELP.DLL
0x00007ffeaf8c0000 - 0x00007ffeafc50000 	C:\WINDOWS\System32\combase.dll
0x00007ffeb0160000 - 0x00007ffeb0237000 	C:\WINDOWS\System32\OLEAUT32.dll
0x00007ffe90a00000 - 0x00007ffe90a32000 	C:\WINDOWS\SYSTEM32\dbgcore.DLL
0x00007ffeae480000 - 0x00007ffeae4fb000 	C:\WINDOWS\System32\bcryptPrimitives.dll
0x00007ffea5940000 - 0x00007ffea5960000 	C:\Program Files\JetBrains\PyCharm 2024.3.4\jbr\bin\java.dll
0x00007ffeabbc0000 - 0x00007ffeac4d0000 	C:\WINDOWS\SYSTEM32\windows.storage.dll
0x00007ffeaba80000 - 0x00007ffeabbbf000 	C:\WINDOWS\SYSTEM32\wintypes.dll
0x00007ffeae870000 - 0x00007ffeae97a000 	C:\WINDOWS\System32\SHCORE.dll
0x00007ffeadc10000 - 0x00007ffeadc3b000 	C:\WINDOWS\SYSTEM32\profapi.dll
0x00007ffea2340000 - 0x00007ffea2358000 	C:\Program Files\JetBrains\PyCharm 2024.3.4\jbr\bin\zip.dll
0x00007ffea8e50000 - 0x00007ffea8e60000 	C:\Program Files\JetBrains\PyCharm 2024.3.4\jbr\bin\net.dll
0x00007ffea6df0000 - 0x00007ffea6f1c000 	C:\WINDOWS\SYSTEM32\WINHTTP.dll
0x00007ffead130000 - 0x00007ffead19a000 	C:\WINDOWS\system32\mswsock.dll
0x00007ffe99b60000 - 0x00007ffe99b76000 	C:\Program Files\JetBrains\PyCharm 2024.3.4\jbr\bin\nio.dll
0x00007ffead380000 - 0x00007ffead39b000 	C:\WINDOWS\SYSTEM32\CRYPTSP.dll
0x00007ffeacc10000 - 0x00007ffeacc45000 	C:\WINDOWS\system32\rsaenh.dll
0x00007ffead220000 - 0x00007ffead248000 	C:\WINDOWS\SYSTEM32\USERENV.dll
0x00007ffead3a0000 - 0x00007ffead3ac000 	C:\WINDOWS\SYSTEM32\CRYPTBASE.dll
0x00007ffeac730000 - 0x00007ffeac75d000 	C:\WINDOWS\SYSTEM32\IPHLPAPI.DLL
0x00007ffeafea0000 - 0x00007ffeafea9000 	C:\WINDOWS\System32\NSI.dll
0x00007ffea5930000 - 0x00007ffea593e000 	C:\Program Files\JetBrains\PyCharm 2024.3.4\jbr\bin\sunmscapi.dll
0x00007ffeae530000 - 0x00007ffeae696000 	C:\WINDOWS\System32\CRYPT32.dll
0x00007ffead540000 - 0x00007ffead56d000 	C:\WINDOWS\SYSTEM32\ncrypt.dll
0x00007ffead500000 - 0x00007ffead537000 	C:\WINDOWS\SYSTEM32\NTASN1.dll
0x00007ffea7920000 - 0x00007ffea7928000 	C:\WINDOWS\system32\wshunix.dll
0x00007ffe98820000 - 0x00007ffe98829000 	C:\Program Files\JetBrains\PyCharm 2024.3.4\jbr\bin\extnet.dll

dbghelp: loaded successfully - version: 4.0.5 - missing functions: none
symbol engine: initialized successfully - sym options: 0x614 - pdb path: .;C:\Program Files\JetBrains\PyCharm 2024.3.4\jbr\bin;C:\WINDOWS\SYSTEM32;C:\WINDOWS\WinSxS\amd64_microsoft.windows.common-controls_6595b64144ccf1df_6.0.22621.4830_none_270fe7d773858e80;C:\Program Files (x86)\360\Total Security\safemon;C:\Program Files\JetBrains\PyCharm 2024.3.4\jbr\bin\server

VM Arguments:
java_command: git4idea.http.GitAskPassApp Username for 'https://github.com': 
java_class_path (initial): C:/Program Files/JetBrains/PyCharm 2024.3.4/plugins/vcs-git/lib/git4idea-rt.jar;C:/Program Files/JetBrains/PyCharm 2024.3.4/lib/externalProcess-rt.jar
Launcher Type: SUN_STANDARD

[Global flags]
     intx CICompilerCount                          = 4                                         {product} {ergonomic}
     uint ConcGCThreads                            = 2                                         {product} {ergonomic}
     uint G1ConcRefinementThreads                  = 8                                         {product} {ergonomic}
   size_t G1HeapRegionSize                         = 1048576                                   {product} {ergonomic}
    uintx GCDrainStackTargetSize                   = 64                                        {product} {ergonomic}
   size_t InitialHeapSize                          = 132120576                                 {product} {ergonomic}
   size_t MarkStackSize                            = 4194304                                   {product} {ergonomic}
   size_t MaxHeapSize                              = 2101346304                                {product} {ergonomic}
   size_t MaxNewSize                               = 1260388352                                {product} {ergonomic}
   size_t MinHeapDeltaBytes                        = 1048576                                   {product} {ergonomic}
   size_t MinHeapSize                              = 8388608                                   {product} {ergonomic}
    uintx NonNMethodCodeHeapSize                   = 5839372                                {pd product} {ergonomic}
    uintx NonProfiledCodeHeapSize                  = 122909434                              {pd product} {ergonomic}
    uintx ProfiledCodeHeapSize                     = 122909434                              {pd product} {ergonomic}
    uintx ReservedCodeCacheSize                    = 251658240                              {pd product} {ergonomic}
     bool SegmentedCodeCache                       = true                                      {product} {ergonomic}
   size_t SoftMaxHeapSize                          = 2101346304                             {manageable} {ergonomic}
     bool UseCompressedOops                        = true                           {product lp64_product} {ergonomic}
     bool UseG1GC                                  = true                                      {product} {ergonomic}
     bool UseLargePagesIndividualAllocation        = false                                  {pd product} {ergonomic}

Logging:
Log output configuration:
 #0: stdout all=warning uptime,level,tags foldmultilines=false
 #1: stderr all=off uptime,level,tags foldmultilines=false

Environment Variables:
PATH=C:\Program Files\Git\mingw64\libexec\git-core;C:\Program Files\Git\mingw64\libexec\git-core;C:\Program Files\Git\mingw64\bin;C:\Program Files\Git\usr\bin;C:\Users\MICK\bin;C:\Users\MICK\PycharmProjects\MIGUELPUJOTA\.venv\Scripts;C:\WINDOWS\system32;C:\WINDOWS;C:\WINDOWS\System32\Wbem;C:\WINDOWS\System32\WindowsPowerShell\v1.0;C:\WINDOWS\System32\OpenSSH;C:\Program Files\Git\cmd;C:\Users\MICK\AppData\Local\Programs\Python\Launcher;C:\Users\MICK\AppData\Local\Microsoft\WindowsApps;D:\pyton\PyCharm 2024.2\bin;C:\Users\MICK\AppData\Local\Programs\Microsoft VS Code\bin
USERNAME=MICK
DISPLAY=:0.0
LC_ALL=en_US.UTF-8
TERM=xterm-256color
TMPDIR=C:\Users\MICK\AppData\Local\Temp
OS=Windows_NT
PROCESSOR_IDENTIFIER=Intel64 Family 6 Model 142 Stepping 12, GenuineIntel
TMP=C:\Users\MICK\AppData\Local\Temp
TEMP=C:\Users\MICK\AppData\Local\Temp




Periodic native trim disabled

JNI global refs:
JNI global refs: 19, weak refs: 0

JNI global refs memory usage: 835, weak refs: 833

Process memory usage:
Resident Set Size: 84400K (1% of 8206964K total physical memory with 830456K free physical memory)

OOME stack traces (most recent first):
Classloader memory used:
