#
# There is insufficient memory for the Java Runtime Environment to continue.
# Native memory allocation (malloc) failed to allocate 1345536 bytes. Error detail: Chunk::new
# Possible reasons:
#   The system is out of physical RAM or swap space
#   This process is running with CompressedOops enabled, and the Java Heap may be blocking the growth of the native heap
# Possible solutions:
#   Reduce memory load on the system
#   Increase physical memory or swap space
#   Check if swap backing store is full
#   Decrease Java heap size (-Xmx/-Xms)
#   Decrease number of Java threads
#   Decrease Java thread stack sizes (-Xss)
#   Set larger code cache with -XX:ReservedCodeCacheSize=
#   JVM is running with Unscaled Compressed Oops mode in which the Java heap is
#     placed in the first 4GB address space. The Java Heap base address is the
#     maximum limit for the native heap growth. Please use -XX:HeapBaseMinAddress
#     to set the Java Heap base and to place the Java Heap above 4GB virtual address.
# This output file may be truncated or incomplete.
#
#  Out of Memory Error (arena.cpp:168), pid=20740, tid=2472
#
# JRE version: OpenJDK Runtime Environment JBR-21.0.6+8-631.39-jcef (21.0.6+8) (build 21.0.6+8-b631.39)
# Java VM: OpenJDK 64-Bit Server VM JBR-21.0.6+8-631.39-jcef (21.0.6+8-b631.39, mixed mode, sharing, tiered, compressed oops, compressed class ptrs, g1 gc, windows-amd64)
# No core dump will be written. Minidumps are not enabled by default on client versions of Windows
#

---------------  S U M M A R Y ------------

Command Line: git4idea.http.GitAskPassApp Username for 'https://github.com': 

Host: Intel(R) Core(TM) i5-10210U CPU @ 1.60GHz, 8 cores, 7G,  Windows 11 , 64 bit Build 22621 (10.0.22621.4830)
Time: Wed Mar 12 16:46:09 2025 Hora est. Pacífico, Sudamérica elapsed time: 1.584001 seconds (0d 0h 0m 1s)

---------------  T H R E A D  ---------------

Current thread (0x000001ea2a8cbbc0):  JavaThread "C2 CompilerThread1" daemon [_thread_in_native, id=2472, stack(0x000000d0ba100000,0x000000d0ba200000) (1024K)]


Current CompileTask:
C2:1584 1057       4       sun.security.ec.ECOperations::setDouble (463 bytes)

Stack: [0x000000d0ba100000,0x000000d0ba200000]
Native frames: (J=compiled Java code, j=interpreted, Vv=VM code, C=native code)
V  [jvm.dll+0x6e5d39]
V  [jvm.dll+0x8c4133]
V  [jvm.dll+0x8c668e]
V  [jvm.dll+0x8c6d73]
V  [jvm.dll+0x288f76]
V  [jvm.dll+0xc66dd]
V  [jvm.dll+0xc6c13]
V  [jvm.dll+0x3c46db]
V  [jvm.dll+0x3902c7]
V  [jvm.dll+0x38f73a]
V  [jvm.dll+0x2507c2]
V  [jvm.dll+0x24fd91]
V  [jvm.dll+0x1cd6c4]
V  [jvm.dll+0x25f60c]
V  [jvm.dll+0x25db56]
V  [jvm.dll+0x3ff756]
V  [jvm.dll+0x86bd48]
V  [jvm.dll+0x6e453d]
C  [ucrtbase.dll+0x29333]
C  [KERNEL32.DLL+0x1259d]
C  [ntdll.dll+0x5af38]


---------------  P R O C E S S  ---------------

Threads class SMR info:
_java_thread_list=0x000001ea700a2650, length=15, elements={
0x000001ea0ff0c540, 0x000001ea27f09e00, 0x000001ea27f0ad10, 0x000001ea27f10b90,
0x000001ea27f11a70, 0x000001ea27f144d0, 0x000001ea27f152f0, 0x000001ea27f18580,
0x000001ea2a8cb4f0, 0x000001ea2aa0aef0, 0x000001ea2aa0fd70, 0x000001ea7008f380,
0x000001ea70108550, 0x000001ea7023ed00, 0x000001ea2a8cbbc0
}

Java Threads: ( => current thread )
  0x000001ea0ff0c540 JavaThread "main"                              [_thread_blocked, id=15628, stack(0x000000d0b8b00000,0x000000d0b8c00000) (1024K)]
  0x000001ea27f09e00 JavaThread "Reference Handler"          daemon [_thread_blocked, id=9676, stack(0x000000d0b9300000,0x000000d0b9400000) (1024K)]
  0x000001ea27f0ad10 JavaThread "Finalizer"                  daemon [_thread_blocked, id=10244, stack(0x000000d0b9400000,0x000000d0b9500000) (1024K)]
  0x000001ea27f10b90 JavaThread "Signal Dispatcher"          daemon [_thread_blocked, id=9892, stack(0x000000d0b9500000,0x000000d0b9600000) (1024K)]
  0x000001ea27f11a70 JavaThread "Attach Listener"            daemon [_thread_blocked, id=12524, stack(0x000000d0b9600000,0x000000d0b9700000) (1024K)]
  0x000001ea27f144d0 JavaThread "Service Thread"             daemon [_thread_blocked, id=9832, stack(0x000000d0b9700000,0x000000d0b9800000) (1024K)]
  0x000001ea27f152f0 JavaThread "Monitor Deflation Thread"   daemon [_thread_blocked, id=20724, stack(0x000000d0b9800000,0x000000d0b9900000) (1024K)]
  0x000001ea27f18580 JavaThread "C2 CompilerThread0"         daemon [_thread_blocked, id=12424, stack(0x000000d0b9900000,0x000000d0b9a00000) (1024K)]
  0x000001ea2a8cb4f0 JavaThread "C1 CompilerThread0"         daemon [_thread_blocked, id=5488, stack(0x000000d0b9a00000,0x000000d0b9b00000) (1024K)]
  0x000001ea2aa0aef0 JavaThread "Notification Thread"        daemon [_thread_blocked, id=18312, stack(0x000000d0b9b00000,0x000000d0b9c00000) (1024K)]
  0x000001ea2aa0fd70 JavaThread "Common-Cleaner"             daemon [_thread_blocked, id=18652, stack(0x000000d0b9c00000,0x000000d0b9d00000) (1024K)]
  0x000001ea7008f380 JavaThread "HttpClient-1-SelectorManager" daemon [_thread_in_native, id=18152, stack(0x000000d0b9d00000,0x000000d0b9e00000) (1024K)]
  0x000001ea70108550 JavaThread "HttpClient-1-Worker-0"      daemon [_thread_blocked, id=10348, stack(0x000000d0b9f00000,0x000000d0ba000000) (1024K)]
  0x000001ea7023ed00 JavaThread "HttpClient-1-Worker-1"      daemon [_thread_blocked, id=21484, stack(0x000000d0ba000000,0x000000d0ba100000) (1024K)]
=>0x000001ea2a8cbbc0 JavaThread "C2 CompilerThread1"         daemon [_thread_in_native, id=2472, stack(0x000000d0ba100000,0x000000d0ba200000) (1024K)]
Total: 15

Other Threads:
  0x000001ea27ef3070 VMThread "VM Thread"                           [id=2296, stack(0x000000d0b9200000,0x000000d0b9300000) (1024K)]
  0x000001ea27ee14b0 WatcherThread "VM Periodic Task Thread"        [id=7608, stack(0x000000d0b9100000,0x000000d0b9200000) (1024K)]
  0x000001ea12383700 WorkerThread "GC Thread#0"                     [id=15596, stack(0x000000d0b8c00000,0x000000d0b8d00000) (1024K)]
  0x000001ea12390c00 ConcurrentGCThread "G1 Main Marker"            [id=17420, stack(0x000000d0b8d00000,0x000000d0b8e00000) (1024K)]
  0x000001ea27d63bd0 WorkerThread "G1 Conc#0"                       [id=13644, stack(0x000000d0b8e00000,0x000000d0b8f00000) (1024K)]
  0x000001ea27db4450 ConcurrentGCThread "G1 Refine#0"               [id=15700, stack(0x000000d0b8f00000,0x000000d0b9000000) (1024K)]
  0x000001ea27db4ed0 ConcurrentGCThread "G1 Service"                [id=20488, stack(0x000000d0b9000000,0x000000d0b9100000) (1024K)]
Total: 7

Threads with active compile tasks:
C2 CompilerThread1  1658 1057       4       sun.security.ec.ECOperations::setDouble (463 bytes)
Total: 1

VM state: not at safepoint (normal execution)

VM Mutex/Monitor currently owned by a thread: None

Heap address: 0x0000000082c00000, size: 2004 MB, Compressed Oops mode: 32-bit

CDS archive(s) mapped at: [0x000001ea2b000000-0x000001ea2bd00000-0x000001ea2bd00000), size 13631488, SharedBaseAddress: 0x000001ea2b000000, ArchiveRelocationMode: 1.
Compressed class space mapped at: 0x000001ea2c000000-0x000001ea6c000000, reserved size: 1073741824
Narrow klass base: 0x000001ea2b000000, Narrow klass shift: 0, Narrow klass range: 0x100000000

GC Precious Log:
 CardTable entry size: 512
 Card Set container configuration: InlinePtr #cards 5 size 8 Array Of Cards #cards 12 size 40 Howl #buckets 4 coarsen threshold 1843 Howl Bitmap #cards 512 size 80 coarsen threshold 460 Card regions per heap region 1 cards per card region 2048
 CPUs: 8 total, 8 available
 Memory: 8014M
 Large Page Support: Disabled
 NUMA Support: Disabled
 Compressed Oops: Enabled (32-bit)
 Heap Region Size: 1M
 Heap Min Capacity: 8M
 Heap Initial Capacity: 126M
 Heap Max Capacity: 2004M
 Pre-touch: Disabled
 Parallel Workers: 8
 Concurrent Workers: 2
 Concurrent Refinement Workers: 8
 Periodic GC: Disabled

Heap:
 garbage-first heap   total 129024K, used 13312K [0x0000000082c00000, 0x0000000100000000)
  region size 1024K, 14 young (14336K), 0 survivors (0K)
 Metaspace       used 8028K, committed 8320K, reserved 1114112K
  class space    used 924K, committed 1088K, reserved 1048576K

Heap Regions: E=young(eden), S=young(survivor), O=old, HS=humongous(starts), HC=humongous(continues), CS=collection set, F=free, TAMS=top-at-mark-start, PB=parsable bottom
|   0|0x0000000082c00000, 0x0000000082c00000, 0x0000000082d00000|  0%| F|  |TAMS 0x0000000082c00000| PB 0x0000000082c00000| Untracked 
|   1|0x0000000082d00000, 0x0000000082d00000, 0x0000000082e00000|  0%| F|  |TAMS 0x0000000082d00000| PB 0x0000000082d00000| Untracked 
|   2|0x0000000082e00000, 0x0000000082e00000, 0x0000000082f00000|  0%| F|  |TAMS 0x0000000082e00000| PB 0x0000000082e00000| Untracked 
|   3|0x0000000082f00000, 0x0000000082f00000, 0x0000000083000000|  0%| F|  |TAMS 0x0000000082f00000| PB 0x0000000082f00000| Untracked 
|   4|0x0000000083000000, 0x0000000083000000, 0x0000000083100000|  0%| F|  |TAMS 0x0000000083000000| PB 0x0000000083000000| Untracked 
|   5|0x0000000083100000, 0x0000000083100000, 0x0000000083200000|  0%| F|  |TAMS 0x0000000083100000| PB 0x0000000083100000| Untracked 
|   6|0x0000000083200000, 0x0000000083200000, 0x0000000083300000|  0%| F|  |TAMS 0x0000000083200000| PB 0x0000000083200000| Untracked 
|   7|0x0000000083300000, 0x0000000083300000, 0x0000000083400000|  0%| F|  |TAMS 0x0000000083300000| PB 0x0000000083300000| Untracked 
|   8|0x0000000083400000, 0x0000000083400000, 0x0000000083500000|  0%| F|  |TAMS 0x0000000083400000| PB 0x0000000083400000| Untracked 
|   9|0x0000000083500000, 0x0000000083500000, 0x0000000083600000|  0%| F|  |TAMS 0x0000000083500000| PB 0x0000000083500000| Untracked 
|  10|0x0000000083600000, 0x0000000083600000, 0x0000000083700000|  0%| F|  |TAMS 0x0000000083600000| PB 0x0000000083600000| Untracked 
|  11|0x0000000083700000, 0x0000000083700000, 0x0000000083800000|  0%| F|  |TAMS 0x0000000083700000| PB 0x0000000083700000| Untracked 
|  12|0x0000000083800000, 0x0000000083800000, 0x0000000083900000|  0%| F|  |TAMS 0x0000000083800000| PB 0x0000000083800000| Untracked 
|  13|0x0000000083900000, 0x0000000083900000, 0x0000000083a00000|  0%| F|  |TAMS 0x0000000083900000| PB 0x0000000083900000| Untracked 
|  14|0x0000000083a00000, 0x0000000083a00000, 0x0000000083b00000|  0%| F|  |TAMS 0x0000000083a00000| PB 0x0000000083a00000| Untracked 
|  15|0x0000000083b00000, 0x0000000083b00000, 0x0000000083c00000|  0%| F|  |TAMS 0x0000000083b00000| PB 0x0000000083b00000| Untracked 
|  16|0x0000000083c00000, 0x0000000083c00000, 0x0000000083d00000|  0%| F|  |TAMS 0x0000000083c00000| PB 0x0000000083c00000| Untracked 
|  17|0x0000000083d00000, 0x0000000083d00000, 0x0000000083e00000|  0%| F|  |TAMS 0x0000000083d00000| PB 0x0000000083d00000| Untracked 
|  18|0x0000000083e00000, 0x0000000083e00000, 0x0000000083f00000|  0%| F|  |TAMS 0x0000000083e00000| PB 0x0000000083e00000| Untracked 
|  19|0x0000000083f00000, 0x0000000083f00000, 0x0000000084000000|  0%| F|  |TAMS 0x0000000083f00000| PB 0x0000000083f00000| Untracked 
|  20|0x0000000084000000, 0x0000000084000000, 0x0000000084100000|  0%| F|  |TAMS 0x0000000084000000| PB 0x0000000084000000| Untracked 
|  21|0x0000000084100000, 0x0000000084100000, 0x0000000084200000|  0%| F|  |TAMS 0x0000000084100000| PB 0x0000000084100000| Untracked 
|  22|0x0000000084200000, 0x0000000084200000, 0x0000000084300000|  0%| F|  |TAMS 0x0000000084200000| PB 0x0000000084200000| Untracked 
|  23|0x0000000084300000, 0x0000000084300000, 0x0000000084400000|  0%| F|  |TAMS 0x0000000084300000| PB 0x0000000084300000| Untracked 
|  24|0x0000000084400000, 0x0000000084400000, 0x0000000084500000|  0%| F|  |TAMS 0x0000000084400000| PB 0x0000000084400000| Untracked 
|  25|0x0000000084500000, 0x0000000084500000, 0x0000000084600000|  0%| F|  |TAMS 0x0000000084500000| PB 0x0000000084500000| Untracked 
|  26|0x0000000084600000, 0x0000000084600000, 0x0000000084700000|  0%| F|  |TAMS 0x0000000084600000| PB 0x0000000084600000| Untracked 
|  27|0x0000000084700000, 0x0000000084700000, 0x0000000084800000|  0%| F|  |TAMS 0x0000000084700000| PB 0x0000000084700000| Untracked 
|  28|0x0000000084800000, 0x0000000084800000, 0x0000000084900000|  0%| F|  |TAMS 0x0000000084800000| PB 0x0000000084800000| Untracked 
|  29|0x0000000084900000, 0x0000000084900000, 0x0000000084a00000|  0%| F|  |TAMS 0x0000000084900000| PB 0x0000000084900000| Untracked 
|  30|0x0000000084a00000, 0x0000000084a00000, 0x0000000084b00000|  0%| F|  |TAMS 0x0000000084a00000| PB 0x0000000084a00000| Untracked 
|  31|0x0000000084b00000, 0x0000000084b00000, 0x0000000084c00000|  0%| F|  |TAMS 0x0000000084b00000| PB 0x0000000084b00000| Untracked 
|  32|0x0000000084c00000, 0x0000000084c00000, 0x0000000084d00000|  0%| F|  |TAMS 0x0000000084c00000| PB 0x0000000084c00000| Untracked 
|  33|0x0000000084d00000, 0x0000000084d00000, 0x0000000084e00000|  0%| F|  |TAMS 0x0000000084d00000| PB 0x0000000084d00000| Untracked 
|  34|0x0000000084e00000, 0x0000000084e00000, 0x0000000084f00000|  0%| F|  |TAMS 0x0000000084e00000| PB 0x0000000084e00000| Untracked 
|  35|0x0000000084f00000, 0x0000000084f00000, 0x0000000085000000|  0%| F|  |TAMS 0x0000000084f00000| PB 0x0000000084f00000| Untracked 
|  36|0x0000000085000000, 0x0000000085000000, 0x0000000085100000|  0%| F|  |TAMS 0x0000000085000000| PB 0x0000000085000000| Untracked 
|  37|0x0000000085100000, 0x0000000085100000, 0x0000000085200000|  0%| F|  |TAMS 0x0000000085100000| PB 0x0000000085100000| Untracked 
|  38|0x0000000085200000, 0x0000000085200000, 0x0000000085300000|  0%| F|  |TAMS 0x0000000085200000| PB 0x0000000085200000| Untracked 
|  39|0x0000000085300000, 0x0000000085300000, 0x0000000085400000|  0%| F|  |TAMS 0x0000000085300000| PB 0x0000000085300000| Untracked 
|  40|0x0000000085400000, 0x0000000085400000, 0x0000000085500000|  0%| F|  |TAMS 0x0000000085400000| PB 0x0000000085400000| Untracked 
|  41|0x0000000085500000, 0x0000000085500000, 0x0000000085600000|  0%| F|  |TAMS 0x0000000085500000| PB 0x0000000085500000| Untracked 
|  42|0x0000000085600000, 0x0000000085600000, 0x0000000085700000|  0%| F|  |TAMS 0x0000000085600000| PB 0x0000000085600000| Untracked 
|  43|0x0000000085700000, 0x0000000085700000, 0x0000000085800000|  0%| F|  |TAMS 0x0000000085700000| PB 0x0000000085700000| Untracked 
|  44|0x0000000085800000, 0x0000000085800000, 0x0000000085900000|  0%| F|  |TAMS 0x0000000085800000| PB 0x0000000085800000| Untracked 
|  45|0x0000000085900000, 0x0000000085900000, 0x0000000085a00000|  0%| F|  |TAMS 0x0000000085900000| PB 0x0000000085900000| Untracked 
|  46|0x0000000085a00000, 0x0000000085a00000, 0x0000000085b00000|  0%| F|  |TAMS 0x0000000085a00000| PB 0x0000000085a00000| Untracked 
|  47|0x0000000085b00000, 0x0000000085b00000, 0x0000000085c00000|  0%| F|  |TAMS 0x0000000085b00000| PB 0x0000000085b00000| Untracked 
|  48|0x0000000085c00000, 0x0000000085c00000, 0x0000000085d00000|  0%| F|  |TAMS 0x0000000085c00000| PB 0x0000000085c00000| Untracked 
|  49|0x0000000085d00000, 0x0000000085d00000, 0x0000000085e00000|  0%| F|  |TAMS 0x0000000085d00000| PB 0x0000000085d00000| Untracked 
|  50|0x0000000085e00000, 0x0000000085e00000, 0x0000000085f00000|  0%| F|  |TAMS 0x0000000085e00000| PB 0x0000000085e00000| Untracked 
|  51|0x0000000085f00000, 0x0000000085f00000, 0x0000000086000000|  0%| F|  |TAMS 0x0000000085f00000| PB 0x0000000085f00000| Untracked 
|  52|0x0000000086000000, 0x0000000086000000, 0x0000000086100000|  0%| F|  |TAMS 0x0000000086000000| PB 0x0000000086000000| Untracked 
|  53|0x0000000086100000, 0x0000000086100000, 0x0000000086200000|  0%| F|  |TAMS 0x0000000086100000| PB 0x0000000086100000| Untracked 
|  54|0x0000000086200000, 0x0000000086200000, 0x0000000086300000|  0%| F|  |TAMS 0x0000000086200000| PB 0x0000000086200000| Untracked 
|  55|0x0000000086300000, 0x0000000086300000, 0x0000000086400000|  0%| F|  |TAMS 0x0000000086300000| PB 0x0000000086300000| Untracked 
|  56|0x0000000086400000, 0x0000000086400000, 0x0000000086500000|  0%| F|  |TAMS 0x0000000086400000| PB 0x0000000086400000| Untracked 
|  57|0x0000000086500000, 0x0000000086500000, 0x0000000086600000|  0%| F|  |TAMS 0x0000000086500000| PB 0x0000000086500000| Untracked 
|  58|0x0000000086600000, 0x0000000086600000, 0x0000000086700000|  0%| F|  |TAMS 0x0000000086600000| PB 0x0000000086600000| Untracked 
|  59|0x0000000086700000, 0x0000000086700000, 0x0000000086800000|  0%| F|  |TAMS 0x0000000086700000| PB 0x0000000086700000| Untracked 
|  60|0x0000000086800000, 0x0000000086800000, 0x0000000086900000|  0%| F|  |TAMS 0x0000000086800000| PB 0x0000000086800000| Untracked 
|  61|0x0000000086900000, 0x0000000086900000, 0x0000000086a00000|  0%| F|  |TAMS 0x0000000086900000| PB 0x0000000086900000| Untracked 
|  62|0x0000000086a00000, 0x0000000086a00000, 0x0000000086b00000|  0%| F|  |TAMS 0x0000000086a00000| PB 0x0000000086a00000| Untracked 
|  63|0x0000000086b00000, 0x0000000086b00000, 0x0000000086c00000|  0%| F|  |TAMS 0x0000000086b00000| PB 0x0000000086b00000| Untracked 
|  64|0x0000000086c00000, 0x0000000086c00000, 0x0000000086d00000|  0%| F|  |TAMS 0x0000000086c00000| PB 0x0000000086c00000| Untracked 
|  65|0x0000000086d00000, 0x0000000086d00000, 0x0000000086e00000|  0%| F|  |TAMS 0x0000000086d00000| PB 0x0000000086d00000| Untracked 
|  66|0x0000000086e00000, 0x0000000086e00000, 0x0000000086f00000|  0%| F|  |TAMS 0x0000000086e00000| PB 0x0000000086e00000| Untracked 
|  67|0x0000000086f00000, 0x0000000086f00000, 0x0000000087000000|  0%| F|  |TAMS 0x0000000086f00000| PB 0x0000000086f00000| Untracked 
|  68|0x0000000087000000, 0x0000000087000000, 0x0000000087100000|  0%| F|  |TAMS 0x0000000087000000| PB 0x0000000087000000| Untracked 
|  69|0x0000000087100000, 0x0000000087100000, 0x0000000087200000|  0%| F|  |TAMS 0x0000000087100000| PB 0x0000000087100000| Untracked 
|  70|0x0000000087200000, 0x0000000087200000, 0x0000000087300000|  0%| F|  |TAMS 0x0000000087200000| PB 0x0000000087200000| Untracked 
|  71|0x0000000087300000, 0x0000000087300000, 0x0000000087400000|  0%| F|  |TAMS 0x0000000087300000| PB 0x0000000087300000| Untracked 
|  72|0x0000000087400000, 0x0000000087400000, 0x0000000087500000|  0%| F|  |TAMS 0x0000000087400000| PB 0x0000000087400000| Untracked 
|  73|0x0000000087500000, 0x0000000087500000, 0x0000000087600000|  0%| F|  |TAMS 0x0000000087500000| PB 0x0000000087500000| Untracked 
|  74|0x0000000087600000, 0x0000000087600000, 0x0000000087700000|  0%| F|  |TAMS 0x0000000087600000| PB 0x0000000087600000| Untracked 
|  75|0x0000000087700000, 0x0000000087700000, 0x0000000087800000|  0%| F|  |TAMS 0x0000000087700000| PB 0x0000000087700000| Untracked 
|  76|0x0000000087800000, 0x0000000087800000, 0x0000000087900000|  0%| F|  |TAMS 0x0000000087800000| PB 0x0000000087800000| Untracked 
|  77|0x0000000087900000, 0x0000000087900000, 0x0000000087a00000|  0%| F|  |TAMS 0x0000000087900000| PB 0x0000000087900000| Untracked 
|  78|0x0000000087a00000, 0x0000000087a00000, 0x0000000087b00000|  0%| F|  |TAMS 0x0000000087a00000| PB 0x0000000087a00000| Untracked 
|  79|0x0000000087b00000, 0x0000000087b00000, 0x0000000087c00000|  0%| F|  |TAMS 0x0000000087b00000| PB 0x0000000087b00000| Untracked 
|  80|0x0000000087c00000, 0x0000000087c00000, 0x0000000087d00000|  0%| F|  |TAMS 0x0000000087c00000| PB 0x0000000087c00000| Untracked 
|  81|0x0000000087d00000, 0x0000000087d00000, 0x0000000087e00000|  0%| F|  |TAMS 0x0000000087d00000| PB 0x0000000087d00000| Untracked 
|  82|0x0000000087e00000, 0x0000000087e00000, 0x0000000087f00000|  0%| F|  |TAMS 0x0000000087e00000| PB 0x0000000087e00000| Untracked 
|  83|0x0000000087f00000, 0x0000000087f00000, 0x0000000088000000|  0%| F|  |TAMS 0x0000000087f00000| PB 0x0000000087f00000| Untracked 
|  84|0x0000000088000000, 0x0000000088000000, 0x0000000088100000|  0%| F|  |TAMS 0x0000000088000000| PB 0x0000000088000000| Untracked 
|  85|0x0000000088100000, 0x0000000088100000, 0x0000000088200000|  0%| F|  |TAMS 0x0000000088100000| PB 0x0000000088100000| Untracked 
|  86|0x0000000088200000, 0x0000000088200000, 0x0000000088300000|  0%| F|  |TAMS 0x0000000088200000| PB 0x0000000088200000| Untracked 
|  87|0x0000000088300000, 0x0000000088300000, 0x0000000088400000|  0%| F|  |TAMS 0x0000000088300000| PB 0x0000000088300000| Untracked 
|  88|0x0000000088400000, 0x0000000088400000, 0x0000000088500000|  0%| F|  |TAMS 0x0000000088400000| PB 0x0000000088400000| Untracked 
|  89|0x0000000088500000, 0x0000000088500000, 0x0000000088600000|  0%| F|  |TAMS 0x0000000088500000| PB 0x0000000088500000| Untracked 
|  90|0x0000000088600000, 0x0000000088600000, 0x0000000088700000|  0%| F|  |TAMS 0x0000000088600000| PB 0x0000000088600000| Untracked 
|  91|0x0000000088700000, 0x0000000088700000, 0x0000000088800000|  0%| F|  |TAMS 0x0000000088700000| PB 0x0000000088700000| Untracked 
|  92|0x0000000088800000, 0x0000000088800000, 0x0000000088900000|  0%| F|  |TAMS 0x0000000088800000| PB 0x0000000088800000| Untracked 
|  93|0x0000000088900000, 0x0000000088900000, 0x0000000088a00000|  0%| F|  |TAMS 0x0000000088900000| PB 0x0000000088900000| Untracked 
|  94|0x0000000088a00000, 0x0000000088a00000, 0x0000000088b00000|  0%| F|  |TAMS 0x0000000088a00000| PB 0x0000000088a00000| Untracked 
|  95|0x0000000088b00000, 0x0000000088b00000, 0x0000000088c00000|  0%| F|  |TAMS 0x0000000088b00000| PB 0x0000000088b00000| Untracked 
|  96|0x0000000088c00000, 0x0000000088c00000, 0x0000000088d00000|  0%| F|  |TAMS 0x0000000088c00000| PB 0x0000000088c00000| Untracked 
|  97|0x0000000088d00000, 0x0000000088d00000, 0x0000000088e00000|  0%| F|  |TAMS 0x0000000088d00000| PB 0x0000000088d00000| Untracked 
|  98|0x0000000088e00000, 0x0000000088e00000, 0x0000000088f00000|  0%| F|  |TAMS 0x0000000088e00000| PB 0x0000000088e00000| Untracked 
|  99|0x0000000088f00000, 0x0000000088f00000, 0x0000000089000000|  0%| F|  |TAMS 0x0000000088f00000| PB 0x0000000088f00000| Untracked 
| 100|0x0000000089000000, 0x0000000089000000, 0x0000000089100000|  0%| F|  |TAMS 0x0000000089000000| PB 0x0000000089000000| Untracked 
| 101|0x0000000089100000, 0x0000000089100000, 0x0000000089200000|  0%| F|  |TAMS 0x0000000089100000| PB 0x0000000089100000| Untracked 
| 102|0x0000000089200000, 0x0000000089200000, 0x0000000089300000|  0%| F|  |TAMS 0x0000000089200000| PB 0x0000000089200000| Untracked 
| 103|0x0000000089300000, 0x0000000089300000, 0x0000000089400000|  0%| F|  |TAMS 0x0000000089300000| PB 0x0000000089300000| Untracked 
| 104|0x0000000089400000, 0x0000000089400000, 0x0000000089500000|  0%| F|  |TAMS 0x0000000089400000| PB 0x0000000089400000| Untracked 
| 105|0x0000000089500000, 0x0000000089500000, 0x0000000089600000|  0%| F|  |TAMS 0x0000000089500000| PB 0x0000000089500000| Untracked 
| 106|0x0000000089600000, 0x0000000089600000, 0x0000000089700000|  0%| F|  |TAMS 0x0000000089600000| PB 0x0000000089600000| Untracked 
| 107|0x0000000089700000, 0x0000000089700000, 0x0000000089800000|  0%| F|  |TAMS 0x0000000089700000| PB 0x0000000089700000| Untracked 
| 108|0x0000000089800000, 0x0000000089800000, 0x0000000089900000|  0%| F|  |TAMS 0x0000000089800000| PB 0x0000000089800000| Untracked 
| 109|0x0000000089900000, 0x0000000089900000, 0x0000000089a00000|  0%| F|  |TAMS 0x0000000089900000| PB 0x0000000089900000| Untracked 
| 110|0x0000000089a00000, 0x0000000089a00000, 0x0000000089b00000|  0%| F|  |TAMS 0x0000000089a00000| PB 0x0000000089a00000| Untracked 
| 111|0x0000000089b00000, 0x0000000089b00000, 0x0000000089c00000|  0%| F|  |TAMS 0x0000000089b00000| PB 0x0000000089b00000| Untracked 
| 112|0x0000000089c00000, 0x0000000089d00000, 0x0000000089d00000|100%| E|  |TAMS 0x0000000089c00000| PB 0x0000000089c00000| Complete 
| 113|0x0000000089d00000, 0x0000000089e00000, 0x0000000089e00000|100%| E|CS|TAMS 0x0000000089d00000| PB 0x0000000089d00000| Complete 
| 114|0x0000000089e00000, 0x0000000089f00000, 0x0000000089f00000|100%| E|CS|TAMS 0x0000000089e00000| PB 0x0000000089e00000| Complete 
| 115|0x0000000089f00000, 0x000000008a000000, 0x000000008a000000|100%| E|CS|TAMS 0x0000000089f00000| PB 0x0000000089f00000| Complete 
| 116|0x000000008a000000, 0x000000008a100000, 0x000000008a100000|100%| E|CS|TAMS 0x000000008a000000| PB 0x000000008a000000| Complete 
| 117|0x000000008a100000, 0x000000008a200000, 0x000000008a200000|100%| E|CS|TAMS 0x000000008a100000| PB 0x000000008a100000| Complete 
| 118|0x000000008a200000, 0x000000008a300000, 0x000000008a300000|100%| E|CS|TAMS 0x000000008a200000| PB 0x000000008a200000| Complete 
| 119|0x000000008a300000, 0x000000008a400000, 0x000000008a400000|100%| E|CS|TAMS 0x000000008a300000| PB 0x000000008a300000| Complete 
| 120|0x000000008a400000, 0x000000008a500000, 0x000000008a500000|100%| E|CS|TAMS 0x000000008a400000| PB 0x000000008a400000| Complete 
| 121|0x000000008a500000, 0x000000008a600000, 0x000000008a600000|100%| E|CS|TAMS 0x000000008a500000| PB 0x000000008a500000| Complete 
| 122|0x000000008a600000, 0x000000008a700000, 0x000000008a700000|100%| E|CS|TAMS 0x000000008a600000| PB 0x000000008a600000| Complete 
| 123|0x000000008a700000, 0x000000008a800000, 0x000000008a800000|100%| E|CS|TAMS 0x000000008a700000| PB 0x000000008a700000| Complete 
| 124|0x000000008a800000, 0x000000008a900000, 0x000000008a900000|100%| E|CS|TAMS 0x000000008a800000| PB 0x000000008a800000| Complete 
| 125|0x000000008a900000, 0x000000008aa00000, 0x000000008aa00000|100%| E|CS|TAMS 0x000000008a900000| PB 0x000000008a900000| Complete 

Card table byte_map: [0x000001ea259e0000,0x000001ea25dd0000] _byte_map_base: 0x000001ea255ca000

Marking Bits: (CMBitMap*) 0x000001ea12383e00
 Bits: [0x000001ea25dd0000, 0x000001ea27d20000)

Polling page: 0x000001ea101e0000

Metaspace:

Usage:
  Non-class:      6.94 MB used.
      Class:    924.47 KB used.
       Both:      7.84 MB used.

Virtual space:
  Non-class space:       64.00 MB reserved,       7.06 MB ( 11%) committed,  1 nodes.
      Class space:        1.00 GB reserved,       1.06 MB ( <1%) committed,  1 nodes.
             Both:        1.06 GB reserved,       8.12 MB ( <1%) committed. 

Chunk freelists:
   Non-Class:  8.41 MB
       Class:  14.98 MB
        Both:  23.39 MB

MaxMetaspaceSize: unlimited
CompressedClassSpaceSize: 1.00 GB
Initial GC threshold: 21.00 MB
Current GC threshold: 21.00 MB
CDS: on
 - commit_granule_bytes: 65536.
 - commit_granule_words: 8192.
 - virtual_space_node_default_size: 8388608.
 - enlarge_chunks_in_place: 1.
 - use_allocation_guard: 0.


Internal statistics:

num_allocs_failed_limit: 0.
num_arena_births: 224.
num_arena_deaths: 0.
num_vsnodes_births: 2.
num_vsnodes_deaths: 0.
num_space_committed: 130.
num_space_uncommitted: 0.
num_chunks_returned_to_freelist: 0.
num_chunks_taken_from_freelist: 375.
num_chunk_merges: 0.
num_chunk_splits: 218.
num_chunks_enlarged: 94.
num_inconsistent_stats: 0.

CodeHeap 'non-profiled nmethods': size=120000Kb used=376Kb max_used=376Kb free=119623Kb
 bounds [0x000001ea1dd70000, 0x000001ea1dfe0000, 0x000001ea252a0000]
CodeHeap 'profiled nmethods': size=120000Kb used=1621Kb max_used=1621Kb free=118378Kb
 bounds [0x000001ea162a0000, 0x000001ea16510000, 0x000001ea1d7d0000]
CodeHeap 'non-nmethods': size=5760Kb used=1423Kb max_used=1452Kb free=4336Kb
 bounds [0x000001ea1d7d0000, 0x000001ea1da40000, 0x000001ea1dd70000]
 total_blobs=1574 nmethods=1063 adapters=416
 compilation: enabled
              stopped_count=0, restarted_count=0
 full_count=0

Compilation events (20 events):
Event: 1.237 Thread 0x000001ea27f18580 1046       4       sun.security.util.math.intpoly.IntegerPolynomialP256::square (613 bytes)
Event: 1.260 Thread 0x000001ea27f18580 nmethod 1046 0x000001ea1ddca710 code [0x000001ea1ddca8c0, 0x000001ea1ddcae18]
Event: 1.260 Thread 0x000001ea27f18580 1049       4       sun.security.ec.point.ProjectivePoint$Mutable::conditionalSet (53 bytes)
Event: 1.277 Thread 0x000001ea2a8cb4f0 1059       3       sun.security.ec.ECOperations$PointMultiplier$Secp256R1GeneratorMultiplier::bit (13 bytes)
Event: 1.278 Thread 0x000001ea2a8cb4f0 nmethod 1059 0x000001ea16433e90 code [0x000001ea16434020, 0x000001ea16434148]
Event: 1.278 Thread 0x000001ea2a8cb4f0 1060       3       java.nio.HeapByteBuffer::get (14 bytes)
Event: 1.278 Thread 0x000001ea2a8cb4f0 nmethod 1060 0x000001ea16434210 code [0x000001ea164343e0, 0x000001ea164346b8]
Event: 1.278 Thread 0x000001ea2a8cb4f0 1061       3       java.nio.Buffer::nextGetIndex (30 bytes)
Event: 1.279 Thread 0x000001ea2a8cb4f0 nmethod 1061 0x000001ea16434890 code [0x000001ea16434a40, 0x000001ea16434c10]
Event: 1.279 Thread 0x000001ea2a8cb4f0 1062       3       java.util.LinkedList$ListItr::hasNext (20 bytes)
Event: 1.279 Thread 0x000001ea2a8cb4f0 nmethod 1062 0x000001ea16434d10 code [0x000001ea16434ec0, 0x000001ea16435030]
Event: 1.280 Thread 0x000001ea2a8cb4f0 1063       3       java.lang.Enum::hashCode (21 bytes)
Event: 1.280 Thread 0x000001ea2a8cb4f0 nmethod 1063 0x000001ea16435110 code [0x000001ea164352c0, 0x000001ea16435448]
Event: 1.289 Thread 0x000001ea2a8cbbc0 nmethod 1056 0x000001ea1ddcb410 code [0x000001ea1ddcb600, 0x000001ea1ddcc0f8]
Event: 1.289 Thread 0x000001ea2a8cbbc0 1058       4       sun.security.util.math.intpoly.IntegerPolynomial$MutableElement::setAdditiveInverse (32 bytes)
Event: 1.301 Thread 0x000001ea2a8cbbc0 nmethod 1058 0x000001ea1ddcc790 code [0x000001ea1ddcc920, 0x000001ea1ddccaf0]
Event: 1.301 Thread 0x000001ea2a8cbbc0 1040       4       sun.security.util.math.intpoly.IntegerPolynomialP256::reduce (40 bytes)
Event: 1.304 Thread 0x000001ea2a8cbbc0 nmethod 1040 0x000001ea1ddccc10 code [0x000001ea1ddccda0, 0x000001ea1ddcced8]
Event: 1.304 Thread 0x000001ea2a8cbbc0 1057       4       sun.security.ec.ECOperations::setDouble (463 bytes)
Event: 1.314 Thread 0x000001ea27f18580 nmethod 1049 0x000001ea1ddcd010 code [0x000001ea1ddcd200, 0x000001ea1ddcdb48]

GC Heap History (0 events):
No events

Dll operation events (2 events):
Event: 0.028 Loaded shared library C:\Program Files\JetBrains\PyCharm 2024.3.4\jbr\bin\java.dll
Event: 0.136 Loaded shared library C:\Program Files\JetBrains\PyCharm 2024.3.4\jbr\bin\zip.dll

Deoptimization events (4 events):
Event: 0.604 Thread 0x000001ea0ff0c540 DEOPT PACKING pc=0x000001ea162b71cc sp=0x000000d0b8bfcad0
Event: 0.604 Thread 0x000001ea0ff0c540 DEOPT UNPACKING pc=0x000001ea1d824e42 sp=0x000000d0b8bfbef0 mode 0
Event: 0.728 Thread 0x000001ea0ff0c540 DEOPT PACKING pc=0x000001ea162b59cc sp=0x000000d0b8bfc0d0
Event: 0.728 Thread 0x000001ea0ff0c540 DEOPT UNPACKING pc=0x000001ea1d824e42 sp=0x000000d0b8bfb538 mode 0

Classes loaded (20 events):
Event: 1.281 Loading class sun/security/ssl/OutputRecord$T13PaddingHolder
Event: 1.282 Loading class sun/security/ssl/OutputRecord$T13PaddingHolder done
Event: 1.282 Loading class sun/security/ssl/Ciphertext
Event: 1.282 Loading class sun/security/ssl/Ciphertext done
Event: 1.282 Loading class sun/security/ssl/PostHandshakeContext
Event: 1.282 Loading class sun/security/ssl/PostHandshakeContext done
Event: 1.282 Loading class javax/net/ssl/SSLEngineResult$Status
Event: 1.282 Loading class javax/net/ssl/SSLEngineResult$Status done
Event: 1.282 Loading class javax/net/ssl/SSLEngineResult
Event: 1.282 Loading class javax/net/ssl/SSLEngineResult done
Event: 1.283 Loading class java/lang/NoSuchFieldError
Event: 1.284 Loading class java/lang/NoSuchFieldError done
Event: 1.287 Loading class sun/nio/ch/IOVecWrapper
Event: 1.287 Loading class sun/nio/ch/IOVecWrapper done
Event: 1.287 Loading class sun/nio/ch/AllocatedNativeObject
Event: 1.287 Loading class sun/nio/ch/NativeObject
Event: 1.288 Loading class sun/nio/ch/NativeObject done
Event: 1.288 Loading class sun/nio/ch/AllocatedNativeObject done
Event: 1.288 Loading class sun/nio/ch/IOVecWrapper$Deallocator
Event: 1.288 Loading class sun/nio/ch/IOVecWrapper$Deallocator done

Classes unloaded (0 events):
No events

Classes redefined (0 events):
No events

Internal exceptions (20 events):
Event: 0.566 Thread 0x000001ea0ff0c540 Exception <a 'java/lang/NoSuchMethodError'{0x000000008a4a9958}: 'int java.lang.invoke.DirectMethodHandle$Holder.invokeStaticInit(java.lang.Object, int, int)'> (0x000000008a4a9958) 
thrown [s\src\hotspot\share\interpreter\linkResolver.cpp, line 784]
Event: 0.568 Thread 0x000001ea0ff0c540 Exception <a 'java/lang/NoSuchMethodError'{0x000000008a4b0f68}: 'int java.lang.invoke.DirectMethodHandle$Holder.invokeStaticInit(java.lang.Object, long, long)'> (0x000000008a4b0f68) 
thrown [s\src\hotspot\share\interpreter\linkResolver.cpp, line 784]
Event: 0.570 Thread 0x000001ea0ff0c540 Exception <a 'java/lang/NoSuchMethodError'{0x000000008a4b7a00}: 'int java.lang.invoke.DirectMethodHandle$Holder.invokeStaticInit(java.lang.Object, float, float)'> (0x000000008a4b7a00) 
thrown [s\src\hotspot\share\interpreter\linkResolver.cpp, line 784]
Event: 0.572 Thread 0x000001ea0ff0c540 Exception <a 'java/lang/NoSuchMethodError'{0x000000008a4be490}: 'int java.lang.invoke.DirectMethodHandle$Holder.invokeStaticInit(java.lang.Object, double, double)'> (0x000000008a4be490) 
thrown [s\src\hotspot\share\interpreter\linkResolver.cpp, line 784]
Event: 0.573 Thread 0x000001ea0ff0c540 Exception <a 'java/lang/NoSuchMethodError'{0x000000008a4c2b18}: 'int java.lang.invoke.DirectMethodHandle$Holder.invokeStatic(java.lang.Object, long)'> (0x000000008a4c2b18) 
thrown [s\src\hotspot\share\interpreter\linkResolver.cpp, line 784]
Event: 0.585 Thread 0x000001ea0ff0c540 Exception <a 'java/lang/NoSuchMethodError'{0x000000008a4ec938}: 'java.lang.Object java.lang.invoke.DirectMethodHandle$Holder.invokeSpecial(java.lang.Object, java.lang.Object, int, java.lang.Object, java.lang.Object)'> (0x000000008a4ec938) 
thrown [s\src\hotspot\share\interpreter\linkResolver.cpp, line 784]
Event: 0.586 Thread 0x000001ea0ff0c540 Exception <a 'java/lang/NoSuchMethodError'{0x000000008a4f02c8}: 'java.lang.Object java.lang.invoke.DelegatingMethodHandle$Holder.delegate(java.lang.Object, int, java.lang.Object, java.lang.Object)'> (0x000000008a4f02c8) 
thrown [s\src\hotspot\share\interpreter\linkResolver.cpp, line 784]
Event: 0.591 Thread 0x000001ea0ff0c540 Exception <a 'java/lang/NoSuchMethodError'{0x000000008a4ff5e8}: 'int java.lang.invoke.Invokers$Holder.linkToTargetMethod(java.lang.Object, java.lang.Object, java.lang.Object)'> (0x000000008a4ff5e8) 
thrown [s\src\hotspot\share\interpreter\linkResolver.cpp, line 784]
Event: 0.603 Thread 0x000001ea0ff0c540 Exception <a 'java/lang/NoSuchMethodError'{0x000000008a331798}: 'long java.lang.invoke.DirectMethodHandle$Holder.invokeSpecial(java.lang.Object, java.lang.Object)'> (0x000000008a331798) 
thrown [s\src\hotspot\share\interpreter\linkResolver.cpp, line 784]
Event: 0.605 Thread 0x000001ea0ff0c540 Exception <a 'java/lang/NoSuchMethodError'{0x000000008a338068}: 'int java.lang.invoke.DirectMethodHandle$Holder.invokeStatic(java.lang.Object, java.lang.Object, java.lang.Object, java.lang.Object)'> (0x000000008a338068) 
thrown [s\src\hotspot\share\interpreter\linkResolver.cpp, line 784]
Event: 0.606 Thread 0x000001ea0ff0c540 Exception <a 'java/lang/NoSuchMethodError'{0x000000008a33b488}: 'java.lang.Object java.lang.invoke.Invokers$Holder.invokeExact_MT(java.lang.Object, java.lang.Object, java.lang.Object, java.lang.Object, java.lang.Object, java.lang.Object)'> (0x000000008a33b488) 
thrown [s\src\hotspot\share\interpreter\linkResolver.cpp, line 784]
Event: 0.831 Thread 0x000001ea0ff0c540 Exception <a 'java/lang/NoSuchMethodError'{0x000000008a15a470}: 'java.lang.Object java.lang.invoke.DirectMethodHandle$Holder.newInvokeSpecial(java.lang.Object, java.lang.Object, java.lang.Object, java.lang.Object, java.lang.Object)'> (0x000000008a15a470) 
thrown [s\src\hotspot\share\interpreter\linkResolver.cpp, line 784]
Event: 0.909 Thread 0x000001ea0ff0c540 Exception <a 'java/lang/NoSuchMethodError'{0x0000000089f58f28}: 'java.lang.Object java.lang.invoke.DirectMethodHandle$Holder.invokeSpecial(java.lang.Object, java.lang.Object, java.lang.Object, java.lang.Object, int)'> (0x0000000089f58f28) 
thrown [s\src\hotspot\share\interpreter\linkResolver.cpp, line 784]
Event: 0.910 Thread 0x000001ea0ff0c540 Exception <a 'java/lang/NoSuchMethodError'{0x0000000089f5c890}: 'java.lang.Object java.lang.invoke.Invokers$Holder.linkToTargetMethod(java.lang.Object, java.lang.Object, int, java.lang.Object)'> (0x0000000089f5c890) 
thrown [s\src\hotspot\share\interpreter\linkResolver.cpp, line 784]
Event: 0.925 Thread 0x000001ea0ff0c540 Exception <a 'java/lang/NoSuchMethodError'{0x0000000089f8bec0}: 'void java.lang.invoke.DirectMethodHandle$Holder.invokeSpecial(java.lang.Object, java.lang.Object, java.lang.Object)'> (0x0000000089f8bec0) 
thrown [s\src\hotspot\share\interpreter\linkResolver.cpp, line 784]
Event: 0.962 Thread 0x000001ea7008f380 Exception <a 'java/lang/NoSuchMethodError'{0x000000008a196dd8}: 'void java.lang.invoke.DirectMethodHandle$Holder.invokeStatic(java.lang.Object, java.lang.Object, int)'> (0x000000008a196dd8) 
thrown [s\src\hotspot\share\interpreter\linkResolver.cpp, line 784]
Event: 0.964 Thread 0x000001ea0ff0c540 Exception <a 'java/lang/NoSuchMethodError'{0x0000000089e1bd38}: 'void java.lang.invoke.DirectMethodHandle$Holder.invokeSpecial(java.lang.Object, java.lang.Object, java.lang.Object, java.lang.Object, java.lang.Object)'> (0x0000000089e1bd38) 
thrown [s\src\hotspot\share\interpreter\linkResolver.cpp, line 784]
Event: 0.983 Thread 0x000001ea7008f380 Exception <a 'java/lang/NoSuchMethodError'{0x000000008a1d0ad0}: 'void java.lang.invoke.DirectMethodHandle$Holder.invokeStatic(java.lang.Object, java.lang.Object)'> (0x000000008a1d0ad0) 
thrown [s\src\hotspot\share\interpreter\linkResolver.cpp, line 784]
Event: 0.988 Thread 0x000001ea70108550 Exception <a 'java/lang/NoSuchMethodError'{0x0000000089e9a1b0}: 'void java.lang.invoke.DirectMethodHandle$Holder.invokeInterface(java.lang.Object, java.lang.Object, java.lang.Object)'> (0x0000000089e9a1b0) 
thrown [s\src\hotspot\share\interpreter\linkResolver.cpp, line 784]
Event: 1.005 Thread 0x000001ea70108550 Exception <a 'java/lang/NoSuchMethodError'{0x0000000089ee8258}: 'void java.lang.invoke.DirectMethodHandle$Holder.invokeVirtual(java.lang.Object, java.lang.Object)'> (0x0000000089ee8258) 
thrown [s\src\hotspot\share\interpreter\linkResolver.cpp, line 784]

ZGC Phase Switch (0 events):
No events

VM Operations (8 events):
Event: 0.157 Executing VM operation: HandshakeAllThreads (Deoptimize)
Event: 0.157 Executing VM operation: HandshakeAllThreads (Deoptimize) done
Event: 0.167 Executing VM operation: HandshakeAllThreads (Deoptimize)
Event: 0.167 Executing VM operation: HandshakeAllThreads (Deoptimize) done
Event: 0.428 Executing VM operation: HandshakeAllThreads (Deoptimize)
Event: 0.428 Executing VM operation: HandshakeAllThreads (Deoptimize) done
Event: 0.970 Executing VM operation: HandshakeAllThreads (Deoptimize)
Event: 0.970 Executing VM operation: HandshakeAllThreads (Deoptimize) done

Memory protections (0 events):
No events

Nmethod flushes (0 events):
No events

Events (20 events):
Event: 0.108 Thread 0x000001ea0ff0c540 Thread added: 0x000001ea27f09e00
Event: 0.108 Thread 0x000001ea0ff0c540 Thread added: 0x000001ea27f0ad10
Event: 0.108 Thread 0x000001ea0ff0c540 Thread added: 0x000001ea27f10b90
Event: 0.108 Thread 0x000001ea0ff0c540 Thread added: 0x000001ea27f11a70
Event: 0.109 Thread 0x000001ea0ff0c540 Thread added: 0x000001ea27f144d0
Event: 0.109 Thread 0x000001ea0ff0c540 Thread added: 0x000001ea27f152f0
Event: 0.109 Thread 0x000001ea0ff0c540 Thread added: 0x000001ea27f18580
Event: 0.109 Thread 0x000001ea0ff0c540 Thread added: 0x000001ea2a8cb4f0
Event: 0.135 Thread 0x000001ea0ff0c540 Thread added: 0x000001ea2aa0aef0
Event: 0.138 Thread 0x000001ea0ff0c540 Thread added: 0x000001ea2aa0fd70
Event: 0.142 Loaded shared library C:\Program Files\JetBrains\PyCharm 2024.3.4\jbr\bin\net.dll
Event: 0.145 Loaded shared library C:\Program Files\JetBrains\PyCharm 2024.3.4\jbr\bin\nio.dll
Event: 0.148 Loaded shared library C:\Program Files\JetBrains\PyCharm 2024.3.4\jbr\bin\zip.dll
Event: 0.217 Loaded shared library C:\Program Files\JetBrains\PyCharm 2024.3.4\jbr\bin\jimage.dll
Event: 0.707 Loaded shared library C:\Program Files\JetBrains\PyCharm 2024.3.4\jbr\bin\sunmscapi.dll
Event: 0.800 Loaded shared library C:\Program Files\JetBrains\PyCharm 2024.3.4\jbr\bin\extnet.dll
Event: 0.815 Thread 0x000001ea0ff0c540 Thread added: 0x000001ea7008f380
Event: 0.981 Thread 0x000001ea7008f380 Thread added: 0x000001ea70108550
Event: 1.022 Thread 0x000001ea7008f380 Thread added: 0x000001ea7023ed00
Event: 1.137 Thread 0x000001ea2a8cb4f0 Thread added: 0x000001ea2a8cbbc0


Dynamic libraries:
0x00007ff66ffd0000 - 0x00007ff66ffda000 	C:\Program Files\JetBrains\PyCharm 2024.3.4\jbr\bin\java.exe
0x00007ffdc6150000 - 0x00007ffdc6367000 	C:\WINDOWS\SYSTEM32\ntdll.dll
0x00007ffdc4ff0000 - 0x00007ffdc50b4000 	C:\WINDOWS\System32\KERNEL32.DLL
0x00007ffdc38d0000 - 0x00007ffdc3ca0000 	C:\WINDOWS\System32\KERNELBASE.dll
0x00007ffdc3640000 - 0x00007ffdc3751000 	C:\WINDOWS\System32\ucrtbase.dll
0x00007ffdbb010000 - 0x00007ffdbb02b000 	C:\Program Files\JetBrains\PyCharm 2024.3.4\jbr\bin\VCRUNTIME140.dll
0x00007ffda8090000 - 0x00007ffda80a8000 	C:\Program Files\JetBrains\PyCharm 2024.3.4\jbr\bin\jli.dll
0x00007ffdc4c50000 - 0x00007ffdc4dfe000 	C:\WINDOWS\System32\USER32.dll
0x00007ffdc3ca0000 - 0x00007ffdc3cc6000 	C:\WINDOWS\System32\win32u.dll
0x00007ffdc53f0000 - 0x00007ffdc5419000 	C:\WINDOWS\System32\GDI32.dll
0x00007ffdc3400000 - 0x00007ffdc351b000 	C:\WINDOWS\System32\gdi32full.dll
0x00007ffdaff30000 - 0x00007ffdb01c2000 	C:\WINDOWS\WinSxS\amd64_microsoft.windows.common-controls_6595b64144ccf1df_6.0.22621.4830_none_270fe7d773858e80\COMCTL32.dll
0x00007ffdc35a0000 - 0x00007ffdc363a000 	C:\WINDOWS\System32\msvcp_win.dll
0x00007ffdc4ec0000 - 0x00007ffdc4f67000 	C:\WINDOWS\System32\msvcrt.dll
0x00007ffdc51f0000 - 0x00007ffdc5221000 	C:\WINDOWS\System32\IMM32.DLL
0x00000000698f0000 - 0x00000000698fc000 	C:\Program Files (x86)\360\Total Security\safemon\SafeWrapper.dll
0x00007ffdc50c0000 - 0x00007ffdc5171000 	C:\WINDOWS\System32\ADVAPI32.dll
0x00007ffdc3e40000 - 0x00007ffdc3ee7000 	C:\WINDOWS\System32\sechost.dll
0x00007ffdc3e10000 - 0x00007ffdc3e38000 	C:\WINDOWS\System32\bcrypt.dll
0x00007ffdc45d0000 - 0x00007ffdc46e4000 	C:\WINDOWS\System32\RPCRT4.dll
0x00007ffd90410000 - 0x00007ffd904bc000 	C:\Program Files (x86)\360\Total Security\safemon\libzdtp64.dll
0x00007ffdc5440000 - 0x00007ffdc5cb8000 	C:\WINDOWS\System32\SHELL32.dll
0x00007ffdc4770000 - 0x00007ffdc47ce000 	C:\WINDOWS\System32\SHLWAPI.dll
0x00007ffdc2d90000 - 0x00007ffdc2d9a000 	C:\WINDOWS\SYSTEM32\VERSION.dll
0x00007ffdbaad0000 - 0x00007ffdbaadc000 	C:\Program Files\JetBrains\PyCharm 2024.3.4\jbr\bin\vcruntime140_1.dll
0x00007ffd8f9f0000 - 0x00007ffd8fa7d000 	C:\Program Files\JetBrains\PyCharm 2024.3.4\jbr\bin\msvcp140.dll
0x00007ffd6daa0000 - 0x00007ffd6e861000 	C:\Program Files\JetBrains\PyCharm 2024.3.4\jbr\bin\server\jvm.dll
0x00007ffdc4f70000 - 0x00007ffdc4fe1000 	C:\WINDOWS\System32\WS2_32.dll
0x00007ffdc32d0000 - 0x00007ffdc331d000 	C:\WINDOWS\SYSTEM32\POWRPROF.dll
0x00007ffdbbff0000 - 0x00007ffdbc024000 	C:\WINDOWS\SYSTEM32\WINMM.dll
0x00007ffdc32b0000 - 0x00007ffdc32c3000 	C:\WINDOWS\SYSTEM32\UMPDC.dll
0x00007ffdc23d0000 - 0x00007ffdc23e8000 	C:\WINDOWS\SYSTEM32\kernel.appcore.dll
0x00007ffdbaac0000 - 0x00007ffdbaaca000 	C:\Program Files\JetBrains\PyCharm 2024.3.4\jbr\bin\jimage.dll
0x00007ffdc0dc0000 - 0x00007ffdc0ff2000 	C:\WINDOWS\SYSTEM32\DBGHELP.DLL
0x00007ffdc5d50000 - 0x00007ffdc60e0000 	C:\WINDOWS\System32\combase.dll
0x00007ffdc43e0000 - 0x00007ffdc44b7000 	C:\WINDOWS\System32\OLEAUT32.dll
0x00007ffda5600000 - 0x00007ffda5632000 	C:\WINDOWS\SYSTEM32\dbgcore.DLL
0x00007ffdc3d90000 - 0x00007ffdc3e0b000 	C:\WINDOWS\System32\bcryptPrimitives.dll
0x00007ffdbaaa0000 - 0x00007ffdbaac0000 	C:\Program Files\JetBrains\PyCharm 2024.3.4\jbr\bin\java.dll
0x00007ffdc12e0000 - 0x00007ffdc1bf0000 	C:\WINDOWS\SYSTEM32\windows.storage.dll
0x00007ffdc11a0000 - 0x00007ffdc12df000 	C:\WINDOWS\SYSTEM32\wintypes.dll
0x00007ffdc4990000 - 0x00007ffdc4a9a000 	C:\WINDOWS\System32\SHCORE.dll
0x00007ffdc3330000 - 0x00007ffdc335b000 	C:\WINDOWS\SYSTEM32\profapi.dll
0x00007ffdbaa80000 - 0x00007ffdbaa98000 	C:\Program Files\JetBrains\PyCharm 2024.3.4\jbr\bin\zip.dll
0x00007ffdbaa40000 - 0x00007ffdbaa50000 	C:\Program Files\JetBrains\PyCharm 2024.3.4\jbr\bin\net.dll
0x00007ffdbc220000 - 0x00007ffdbc34c000 	C:\WINDOWS\SYSTEM32\WINHTTP.dll
0x00007ffdc2850000 - 0x00007ffdc28ba000 	C:\WINDOWS\system32\mswsock.dll
0x00007ffdb9cf0000 - 0x00007ffdb9d06000 	C:\Program Files\JetBrains\PyCharm 2024.3.4\jbr\bin\nio.dll
0x00007ffdc2aa0000 - 0x00007ffdc2abb000 	C:\WINDOWS\SYSTEM32\CRYPTSP.dll
0x00007ffdc2330000 - 0x00007ffdc2365000 	C:\WINDOWS\system32\rsaenh.dll
0x00007ffdc2940000 - 0x00007ffdc2968000 	C:\WINDOWS\SYSTEM32\USERENV.dll
0x00007ffdc2ac0000 - 0x00007ffdc2acc000 	C:\WINDOWS\SYSTEM32\CRYPTBASE.dll
0x00007ffdc1e50000 - 0x00007ffdc1e7d000 	C:\WINDOWS\SYSTEM32\IPHLPAPI.DLL
0x00007ffdc53e0000 - 0x00007ffdc53e9000 	C:\WINDOWS\System32\NSI.dll
0x00007ffdb9ce0000 - 0x00007ffdb9cee000 	C:\Program Files\JetBrains\PyCharm 2024.3.4\jbr\bin\sunmscapi.dll
0x00007ffdc3760000 - 0x00007ffdc38c6000 	C:\WINDOWS\System32\CRYPT32.dll
0x00007ffdc2c60000 - 0x00007ffdc2c8d000 	C:\WINDOWS\SYSTEM32\ncrypt.dll
0x00007ffdc2c20000 - 0x00007ffdc2c57000 	C:\WINDOWS\SYSTEM32\NTASN1.dll
0x00007ffdb9c00000 - 0x00007ffdb9c08000 	C:\WINDOWS\system32\wshunix.dll
0x00007ffdb9bf0000 - 0x00007ffdb9bf9000 	C:\Program Files\JetBrains\PyCharm 2024.3.4\jbr\bin\extnet.dll

dbghelp: loaded successfully - version: 4.0.5 - missing functions: none
symbol engine: initialized successfully - sym options: 0x614 - pdb path: .;C:\Program Files\JetBrains\PyCharm 2024.3.4\jbr\bin;C:\WINDOWS\SYSTEM32;C:\WINDOWS\WinSxS\amd64_microsoft.windows.common-controls_6595b64144ccf1df_6.0.22621.4830_none_270fe7d773858e80;C:\Program Files (x86)\360\Total Security\safemon;C:\Program Files\JetBrains\PyCharm 2024.3.4\jbr\bin\server

VM Arguments:
java_command: git4idea.http.GitAskPassApp Username for 'https://github.com': 
java_class_path (initial): C:/Program Files/JetBrains/PyCharm 2024.3.4/plugins/vcs-git/lib/git4idea-rt.jar;C:/Program Files/JetBrains/PyCharm 2024.3.4/lib/externalProcess-rt.jar
Launcher Type: SUN_STANDARD

[Global flags]
     intx CICompilerCount                          = 4                                         {product} {ergonomic}
     uint ConcGCThreads                            = 2                                         {product} {ergonomic}
     uint G1ConcRefinementThreads                  = 8                                         {product} {ergonomic}
   size_t G1HeapRegionSize                         = 1048576                                   {product} {ergonomic}
    uintx GCDrainStackTargetSize                   = 64                                        {product} {ergonomic}
   size_t InitialHeapSize                          = 132120576                                 {product} {ergonomic}
   size_t MarkStackSize                            = 4194304                                   {product} {ergonomic}
   size_t MaxHeapSize                              = 2101346304                                {product} {ergonomic}
   size_t MaxNewSize                               = 1260388352                                {product} {ergonomic}
   size_t MinHeapDeltaBytes                        = 1048576                                   {product} {ergonomic}
   size_t MinHeapSize                              = 8388608                                   {product} {ergonomic}
    uintx NonNMethodCodeHeapSize                   = 5839372                                {pd product} {ergonomic}
    uintx NonProfiledCodeHeapSize                  = 122909434                              {pd product} {ergonomic}
    uintx ProfiledCodeHeapSize                     = 122909434                              {pd product} {ergonomic}
    uintx ReservedCodeCacheSize                    = 251658240                              {pd product} {ergonomic}
     bool SegmentedCodeCache                       = true                                      {product} {ergonomic}
   size_t SoftMaxHeapSize                          = 2101346304                             {manageable} {ergonomic}
     bool UseCompressedOops                        = true                           {product lp64_product} {ergonomic}
     bool UseG1GC                                  = true                                      {product} {ergonomic}
     bool UseLargePagesIndividualAllocation        = false                                  {pd product} {ergonomic}

Logging:
Log output configuration:
 #0: stdout all=warning uptime,level,tags foldmultilines=false
 #1: stderr all=off uptime,level,tags foldmultilines=false

Environment Variables:
PATH=C:\Program Files\Git\mingw64\libexec\git-core;C:\Program Files\Git\mingw64\libexec\git-core;C:\Program Files\Git\mingw64\bin;C:\Program Files\Git\usr\bin;C:\Users\MICK\bin;C:\Users\MICK\PycharmProjects\MIGUELPUJOTA\.venv\Scripts;C:\WINDOWS\system32;C:\WINDOWS;C:\WINDOWS\System32\Wbem;C:\WINDOWS\System32\WindowsPowerShell\v1.0;C:\WINDOWS\System32\OpenSSH;C:\Program Files\Git\cmd;C:\Users\MICK\AppData\Local\Programs\Python\Launcher;C:\Users\MICK\AppData\Local\Microsoft\WindowsApps;D:\pyton\PyCharm 2024.2\bin;C:\Users\MICK\AppData\Local\Programs\Microsoft VS Code\bin
USERNAME=MICK
DISPLAY=:0.0
LC_ALL=en_US.UTF-8
TERM=xterm-256color
TMPDIR=C:\Users\MICK\AppData\Local\Temp
OS=Windows_NT
PROCESSOR_IDENTIFIER=Intel64 Family 6 Model 142 Stepping 12, GenuineIntel
TMP=C:\Users\MICK\AppData\Local\Temp
TEMP=C:\Users\MICK\AppData\Local\Temp




Periodic native trim disabled

JNI global refs:
JNI global refs: 20, weak refs: 0

JNI global refs memory usage: 835, weak refs: 833

Process memory usage:
Resident Set Size: 81884K (0% of 8206964K total physical memory with 537544K free physical memory)

OOME stack traces (most recent first):
Classloader memory used:
Loader bootstrap                                                                       : 6418K
Loader jdk.internal.loader.ClassLoaders$PlatformClassLoader                            : 1593K
Loader jdk.internal.loader.ClassLoaders$AppClassLoader                                 : 16400B

---------------  S Y S T E M  ---------------

OS:
 Windows 11 , 64 bit Build 22621 (10.0.22621.4830)
OS uptime: 2 days 6:03 hours

CPU: total 8 (initial active 8) (4 cores per cpu, 2 threads per core) family 6 model 142 stepping 12 microcode 0xec, cx8, cmov, fxsr, ht, mmx, 3dnowpref, sse, sse2, sse3, ssse3, sse4.1, sse4.2, popcnt, lzcnt, tsc, tscinvbit, avx, avx2, aes, erms, clmul, bmi1, bmi2, adx, fma, vzeroupper, clflush, clflushopt, rdtscp, f16c
Processor Information for processor 0
  Max Mhz: 2112, Current Mhz: 1508, Mhz Limit: 1605
Processor Information for processor 1
  Max Mhz: 2112, Current Mhz: 1609, Mhz Limit: 1605
Processor Information for processor 2
  Max Mhz: 2112, Current Mhz: 1609, Mhz Limit: 1605
Processor Information for processor 3
  Max Mhz: 2112, Current Mhz: 1609, Mhz Limit: 1605
Processor Information for processor 4
  Max Mhz: 2112, Current Mhz: 1609, Mhz Limit: 1605
Processor Information for processor 5
  Max Mhz: 2112, Current Mhz: 1609, Mhz Limit: 1605
Processor Information for processor 6
  Max Mhz: 2112, Current Mhz: 1609, Mhz Limit: 1605
Processor Information for processor 7
  Max Mhz: 2112, Current Mhz: 1609, Mhz Limit: 1605

Memory: 4k page, system-wide physical 8014M (522M free)
TotalPageFile size 10062M (AvailPageFile size 5M)
current process WorkingSet (physical memory assigned to process): 80M, peak: 80M
current process commit charge ("private bytes"): 233M, peak: 235M

vm_info: OpenJDK 64-Bit Server VM (21.0.6+8-b631.39) for windows-amd64 JRE (21.0.6+8-b631.39), built on 2025-02-04 by "builduser" with MS VC++ 16.10 / 16.11 (VS2019)

END.
